/home/name/auvc-auv-movement/install/rosmav/lib/python3.12/site-packages/rosmav/bluerov2_simulation_interface.py
/home/name/auvc-auv-movement/install/rosmav/lib/python3.12/site-packages/rosmav/bluerov2_hardware_interface.py
/home/name/auvc-auv-movement/install/rosmav/lib/python3.12/site-packages/rosmav/bluerov2_camera_interface.py
/home/name/auvc-auv-movement/install/rosmav/lib/python3.12/site-packages/rosmav/__init__.py
/home/name/auvc-auv-movement/install/rosmav/lib/python3.12/site-packages/rosmav/__pycache__/bluerov2_simulation_interface.cpython-312.pyc
/home/name/auvc-auv-movement/install/rosmav/lib/python3.12/site-packages/rosmav/__pycache__/bluerov2_hardware_interface.cpython-312.pyc
/home/name/auvc-auv-movement/install/rosmav/lib/python3.12/site-packages/rosmav/__pycache__/bluerov2_camera_interface.cpython-312.pyc
/home/name/auvc-auv-movement/install/rosmav/lib/python3.12/site-packages/rosmav/__pycache__/__init__.cpython-312.pyc
/home/name/auvc-auv-movement/install/rosmav/share/ament_index/resource_index/packages/rosmav
/home/name/auvc-auv-movement/install/rosmav/share/rosmav/package.xml
/home/name/auvc-auv-movement/install/rosmav/share/rosmav/launch/simulation.launch.py
/home/name/auvc-auv-movement/install/rosmav/share/rosmav/launch/hardware_launch.yaml
/home/name/auvc-auv-movement/install/rosmav/share/rosmav/config/bridge.yaml
/home/name/auvc-auv-movement/install/rosmav/lib/python3.12/site-packages/rosmav-0.0.0-py3.12.egg-info/SOURCES.txt
/home/name/auvc-auv-movement/install/rosmav/lib/python3.12/site-packages/rosmav-0.0.0-py3.12.egg-info/top_level.txt
/home/name/auvc-auv-movement/install/rosmav/lib/python3.12/site-packages/rosmav-0.0.0-py3.12.egg-info/entry_points.txt
/home/name/auvc-auv-movement/install/rosmav/lib/python3.12/site-packages/rosmav-0.0.0-py3.12.egg-info/zip-safe
/home/name/auvc-auv-movement/install/rosmav/lib/python3.12/site-packages/rosmav-0.0.0-py3.12.egg-info/requires.txt
/home/name/auvc-auv-movement/install/rosmav/lib/python3.12/site-packages/rosmav-0.0.0-py3.12.egg-info/dependency_links.txt
/home/name/auvc-auv-movement/install/rosmav/lib/python3.12/site-packages/rosmav-0.0.0-py3.12.egg-info/PKG-INFO
/home/name/auvc-auv-movement/install/rosmav/lib/rosmav/bluerov2_camera_interface
/home/name/auvc-auv-movement/install/rosmav/lib/rosmav/bluerov2_hardware_interface
/home/name/auvc-auv-movement/install/rosmav/lib/rosmav/bluerov2_simulation_interface
