running egg_info
writing ../../build/rosmav/rosmav.egg-info/PKG-INFO
writing dependency_links to ../../build/rosmav/rosmav.egg-info/dependency_links.txt
writing entry points to ../../build/rosmav/rosmav.egg-info/entry_points.txt
writing requirements to ../../build/rosmav/rosmav.egg-info/requires.txt
writing top-level names to ../../build/rosmav/rosmav.egg-info/top_level.txt
reading manifest file '../../build/rosmav/rosmav.egg-info/SOURCES.txt'
writing manifest file '../../build/rosmav/rosmav.egg-info/SOURCES.txt'
running build
running build_py
running install
running install_lib
running install_data
running install_egg_info
removing '/home/name/auvc-auv-movement/install/rosmav/lib/python3.12/site-packages/rosmav-0.0.0-py3.12.egg-info' (and everything under it)
Copying ../../build/rosmav/rosmav.egg-info to /home/name/auvc-auv-movement/install/rosmav/lib/python3.12/site-packages/rosmav-0.0.0-py3.12.egg-info
running install_scripts
Installing bluerov2_camera_interface script to /home/name/auvc-auv-movement/install/rosmav/lib/rosmav
Installing bluerov2_hardware_interface script to /home/name/auvc-auv-movement/install/rosmav/lib/rosmav
Installing bluerov2_simulation_interface script to /home/name/auvc-auv-movement/install/rosmav/lib/rosmav
writing list of installed files to '/home/name/auvc-auv-movement/build/rosmav/install.log'
