[6.889s] Invoking command in '/home/name/auvc-auv-movement/src/ros2_auv_pid': PYTHONPATH=/home/name/auvc-auv-movement/build/ros2_auv_pid/prefix_override:/usr/lib/python3/dist-packages/colcon_core/task/python/colcon_distutils_commands:/home/name/auvc-auv-movement/install/ros2_auv_pid/lib/python3.12/site-packages:${PYTHONPATH} /usr/bin/python3 -W ignore:setup.py install is deprecated -W ignore:easy_install command is deprecated setup.py egg_info --egg-base ../../build/ros2_auv_pid build --build-base /home/name/auvc-auv-movement/build/ros2_auv_pid/build install --record /home/name/auvc-auv-movement/build/ros2_auv_pid/install.log --install-scripts $base/lib/ros2_auv_pid --single-version-externally-managed install_data
[8.981s] running egg_info
[9.146s] writing ../../build/ros2_auv_pid/ros2_auv_pid.egg-info/PKG-INFO
[9.148s] writing dependency_links to ../../build/ros2_auv_pid/ros2_auv_pid.egg-info/dependency_links.txt
[9.149s] writing entry points to ../../build/ros2_auv_pid/ros2_auv_pid.egg-info/entry_points.txt
[9.150s] writing requirements to ../../build/ros2_auv_pid/ros2_auv_pid.egg-info/requires.txt
[9.151s] writing top-level names to ../../build/ros2_auv_pid/ros2_auv_pid.egg-info/top_level.txt
[10.168s] reading manifest file '../../build/ros2_auv_pid/ros2_auv_pid.egg-info/SOURCES.txt'
[10.172s] writing manifest file '../../build/ros2_auv_pid/ros2_auv_pid.egg-info/SOURCES.txt'
[10.174s] running build
[10.177s] running build_py
[10.179s] copying ros2_auv_pid/depth_movement_node.py -> /home/name/auvc-auv-movement/build/ros2_auv_pid/build/lib/ros2_auv_pid
[10.179s] running install
[10.205s] running install_lib
[10.464s] copying /home/name/auvc-auv-movement/build/ros2_auv_pid/build/lib/ros2_auv_pid/depth_movement_node.py -> /home/name/auvc-auv-movement/install/ros2_auv_pid/lib/python3.12/site-packages/ros2_auv_pid
[10.469s] byte-compiling /home/name/auvc-auv-movement/install/ros2_auv_pid/lib/python3.12/site-packages/ros2_auv_pid/depth_movement_node.py to depth_movement_node.cpython-312.pyc
[10.476s] running install_data
[10.484s] running install_egg_info
[10.649s] removing '/home/name/auvc-auv-movement/install/ros2_auv_pid/lib/python3.12/site-packages/ros2_auv_pid-0.0.0-py3.12.egg-info' (and everything under it)
[10.651s] Copying ../../build/ros2_auv_pid/ros2_auv_pid.egg-info to /home/name/auvc-auv-movement/install/ros2_auv_pid/lib/python3.12/site-packages/ros2_auv_pid-0.0.0-py3.12.egg-info
[10.659s] running install_scripts
[11.080s] Installing arming_node script to /home/name/auvc-auv-movement/install/ros2_auv_pid/lib/ros2_auv_pid
[11.081s] Installing depth_movement_node script to /home/name/auvc-auv-movement/install/ros2_auv_pid/lib/ros2_auv_pid
[11.086s] writing list of installed files to '/home/name/auvc-auv-movement/build/ros2_auv_pid/install.log'
[11.259s] Invoked command in '/home/name/auvc-auv-movement/src/ros2_auv_pid' returned '0': PYTHONPATH=/home/name/auvc-auv-movement/build/ros2_auv_pid/prefix_override:/usr/lib/python3/dist-packages/colcon_core/task/python/colcon_distutils_commands:/home/name/auvc-auv-movement/install/ros2_auv_pid/lib/python3.12/site-packages:${PYTHONPATH} /usr/bin/python3 -W ignore:setup.py install is deprecated -W ignore:easy_install command is deprecated setup.py egg_info --egg-base ../../build/ros2_auv_pid build --build-base /home/name/auvc-auv-movement/build/ros2_auv_pid/build install --record /home/name/auvc-auv-movement/build/ros2_auv_pid/install.log --install-scripts $base/lib/ros2_auv_pid --single-version-externally-managed install_data
