[0.558s] DEBUG:colcon:Command line arguments: ['/usr/bin/colcon', 'build', '--packages-select', 'ros2_auv_pid']
[0.559s] DEBUG:colcon:Parsed command line arguments: Namespace(log_base=None, log_level=None, verb_name='build', build_base='build', install_base='install', merge_install=False, symlink_install=False, test_result_base=None, continue_on_error=False, executor='parallel', parallel_workers=4, event_handlers=None, ignore_user_meta=False, metas=['./colcon.meta'], base_paths=['.'], packages_ignore=None, packages_ignore_regex=None, paths=None, packages_up_to=None, packages_up_to_regex=None, packages_above=None, packages_above_and_dependencies=None, packages_above_depth=None, packages_select_by_dep=None, packages_skip_by_dep=None, packages_skip_up_to=None, packages_select_build_failed=False, packages_skip_build_finished=False, packages_select_test_failures=False, packages_skip_test_passed=False, packages_select=['ros2_auv_pid'], packages_skip=None, packages_select_regex=None, packages_skip_regex=None, packages_start=None, packages_end=None, allow_overriding=[], cmake_args=None, cmake_target=None, cmake_target_skip_unavailable=False, cmake_clean_cache=False, cmake_clean_first=False, cmake_force_configure=False, ament_cmake_args=None, catkin_cmake_args=None, catkin_skip_building_tests=False, mixin_files=None, mixin=None, verb_parser=<colcon_mixin.mixin.mixin_argument.MixinArgumentDecorator object at 0xffff90e47e00>, verb_extension=<colcon_core.verb.build.BuildVerb object at 0xffff90e478f0>, main=<bound method BuildVerb.main of <colcon_core.verb.build.BuildVerb object at 0xffff90e478f0>>, mixin_verb=('build',))
[0.743s] Level 1:colcon.colcon_core.package_discovery:discover_packages(colcon_meta) check parameters
[0.743s] Level 1:colcon.colcon_core.package_discovery:discover_packages(recursive) check parameters
[0.743s] Level 1:colcon.colcon_core.package_discovery:discover_packages(ignore) check parameters
[0.743s] Level 1:colcon.colcon_core.package_discovery:discover_packages(path) check parameters
[0.744s] Level 1:colcon.colcon_core.package_discovery:discover_packages(colcon_meta) discover
[0.744s] Level 1:colcon.colcon_core.package_discovery:discover_packages(recursive) discover
[0.744s] INFO:colcon.colcon_core.package_discovery:Crawling recursively for packages in '/home/name/auvc-auv-movement'
[0.744s] Level 1:colcon.colcon_core.package_identification:_identify(.) by extensions ['ignore', 'ignore_ament_install']
[0.745s] Level 1:colcon.colcon_core.package_identification:_identify(.) by extension 'ignore'
[0.745s] Level 1:colcon.colcon_core.package_identification:_identify(.) by extension 'ignore_ament_install'
[0.745s] Level 1:colcon.colcon_core.package_identification:_identify(.) by extensions ['colcon_pkg']
[0.745s] Level 1:colcon.colcon_core.package_identification:_identify(.) by extension 'colcon_pkg'
[0.746s] Level 1:colcon.colcon_core.package_identification:_identify(.) by extensions ['colcon_meta']
[0.746s] Level 1:colcon.colcon_core.package_identification:_identify(.) by extension 'colcon_meta'
[0.746s] Level 1:colcon.colcon_core.package_identification:_identify(.) by extensions ['ros']
[0.746s] Level 1:colcon.colcon_core.package_identification:_identify(.) by extension 'ros'
[0.859s] Level 1:colcon.colcon_core.package_identification:_identify(.) by extensions ['cmake', 'python']
[0.860s] Level 1:colcon.colcon_core.package_identification:_identify(.) by extension 'cmake'
[0.860s] Level 1:colcon.colcon_core.package_identification:_identify(.) by extension 'python'
[0.860s] Level 1:colcon.colcon_core.package_identification:_identify(.) by extensions ['python_setup_py']
[0.860s] Level 1:colcon.colcon_core.package_identification:_identify(.) by extension 'python_setup_py'
[0.861s] Level 1:colcon.colcon_core.package_identification:_identify(build) by extensions ['ignore', 'ignore_ament_install']
[0.861s] Level 1:colcon.colcon_core.package_identification:_identify(build) by extension 'ignore'
[0.862s] Level 1:colcon.colcon_core.package_identification:_identify(build) ignored
[0.862s] Level 1:colcon.colcon_core.package_identification:_identify(install) by extensions ['ignore', 'ignore_ament_install']
[0.863s] Level 1:colcon.colcon_core.package_identification:_identify(install) by extension 'ignore'
[0.863s] Level 1:colcon.colcon_core.package_identification:_identify(install) ignored
[0.864s] Level 1:colcon.colcon_core.package_identification:_identify(log) by extensions ['ignore', 'ignore_ament_install']
[0.864s] Level 1:colcon.colcon_core.package_identification:_identify(log) by extension 'ignore'
[0.864s] Level 1:colcon.colcon_core.package_identification:_identify(log) ignored
[0.864s] Level 1:colcon.colcon_core.package_identification:_identify(src) by extensions ['ignore', 'ignore_ament_install']
[0.865s] Level 1:colcon.colcon_core.package_identification:_identify(src) by extension 'ignore'
[0.865s] Level 1:colcon.colcon_core.package_identification:_identify(src) by extension 'ignore_ament_install'
[0.865s] Level 1:colcon.colcon_core.package_identification:_identify(src) by extensions ['colcon_pkg']
[0.865s] Level 1:colcon.colcon_core.package_identification:_identify(src) by extension 'colcon_pkg'
[0.866s] Level 1:colcon.colcon_core.package_identification:_identify(src) by extensions ['colcon_meta']
[0.866s] Level 1:colcon.colcon_core.package_identification:_identify(src) by extension 'colcon_meta'
[0.866s] Level 1:colcon.colcon_core.package_identification:_identify(src) by extensions ['ros']
[0.866s] Level 1:colcon.colcon_core.package_identification:_identify(src) by extension 'ros'
[0.866s] Level 1:colcon.colcon_core.package_identification:_identify(src) by extensions ['cmake', 'python']
[0.866s] Level 1:colcon.colcon_core.package_identification:_identify(src) by extension 'cmake'
[0.867s] Level 1:colcon.colcon_core.package_identification:_identify(src) by extension 'python'
[0.867s] Level 1:colcon.colcon_core.package_identification:_identify(src) by extensions ['python_setup_py']
[0.867s] Level 1:colcon.colcon_core.package_identification:_identify(src) by extension 'python_setup_py'
[0.867s] Level 1:colcon.colcon_core.package_identification:_identify(src/bwsibot) by extensions ['ignore', 'ignore_ament_install']
[0.868s] Level 1:colcon.colcon_core.package_identification:_identify(src/bwsibot) by extension 'ignore'
[0.868s] Level 1:colcon.colcon_core.package_identification:_identify(src/bwsibot) by extension 'ignore_ament_install'
[0.868s] Level 1:colcon.colcon_core.package_identification:_identify(src/bwsibot) by extensions ['colcon_pkg']
[0.868s] Level 1:colcon.colcon_core.package_identification:_identify(src/bwsibot) by extension 'colcon_pkg'
[0.869s] Level 1:colcon.colcon_core.package_identification:_identify(src/bwsibot) by extensions ['colcon_meta']
[0.869s] Level 1:colcon.colcon_core.package_identification:_identify(src/bwsibot) by extension 'colcon_meta'
[0.869s] Level 1:colcon.colcon_core.package_identification:_identify(src/bwsibot) by extensions ['ros']
[0.869s] Level 1:colcon.colcon_core.package_identification:_identify(src/bwsibot) by extension 'ros'
[0.870s] Level 1:colcon.colcon_core.package_identification:_identify(src/bwsibot) by extensions ['cmake', 'python']
[0.870s] Level 1:colcon.colcon_core.package_identification:_identify(src/bwsibot) by extension 'cmake'
[0.870s] Level 1:colcon.colcon_core.package_identification:_identify(src/bwsibot) by extension 'python'
[0.870s] Level 1:colcon.colcon_core.package_identification:_identify(src/bwsibot) by extensions ['python_setup_py']
[0.870s] Level 1:colcon.colcon_core.package_identification:_identify(src/bwsibot) by extension 'python_setup_py'
[0.871s] Level 1:colcon.colcon_core.package_identification:_identify(src/bwsibot/logs) by extensions ['ignore', 'ignore_ament_install']
[0.871s] Level 1:colcon.colcon_core.package_identification:_identify(src/bwsibot/logs) by extension 'ignore'
[0.871s] Level 1:colcon.colcon_core.package_identification:_identify(src/bwsibot/logs) by extension 'ignore_ament_install'
[0.871s] Level 1:colcon.colcon_core.package_identification:_identify(src/bwsibot/logs) by extensions ['colcon_pkg']
[0.872s] Level 1:colcon.colcon_core.package_identification:_identify(src/bwsibot/logs) by extension 'colcon_pkg'
[0.872s] Level 1:colcon.colcon_core.package_identification:_identify(src/bwsibot/logs) by extensions ['colcon_meta']
[0.872s] Level 1:colcon.colcon_core.package_identification:_identify(src/bwsibot/logs) by extension 'colcon_meta'
[0.872s] Level 1:colcon.colcon_core.package_identification:_identify(src/bwsibot/logs) by extensions ['ros']
[0.873s] Level 1:colcon.colcon_core.package_identification:_identify(src/bwsibot/logs) by extension 'ros'
[0.873s] Level 1:colcon.colcon_core.package_identification:_identify(src/bwsibot/logs) by extensions ['cmake', 'python']
[0.873s] Level 1:colcon.colcon_core.package_identification:_identify(src/bwsibot/logs) by extension 'cmake'
[0.873s] Level 1:colcon.colcon_core.package_identification:_identify(src/bwsibot/logs) by extension 'python'
[0.874s] Level 1:colcon.colcon_core.package_identification:_identify(src/bwsibot/logs) by extensions ['python_setup_py']
[0.874s] Level 1:colcon.colcon_core.package_identification:_identify(src/bwsibot/logs) by extension 'python_setup_py'
[0.875s] Level 1:colcon.colcon_core.package_identification:_identify(src/bwsibot/logs/2026-07-16) by extensions ['ignore', 'ignore_ament_install']
[0.875s] Level 1:colcon.colcon_core.package_identification:_identify(src/bwsibot/logs/2026-07-16) by extension 'ignore'
[0.875s] Level 1:colcon.colcon_core.package_identification:_identify(src/bwsibot/logs/2026-07-16) by extension 'ignore_ament_install'
[0.876s] Level 1:colcon.colcon_core.package_identification:_identify(src/bwsibot/logs/2026-07-16) by extensions ['colcon_pkg']
[0.876s] Level 1:colcon.colcon_core.package_identification:_identify(src/bwsibot/logs/2026-07-16) by extension 'colcon_pkg'
[0.876s] Level 1:colcon.colcon_core.package_identification:_identify(src/bwsibot/logs/2026-07-16) by extensions ['colcon_meta']
[0.876s] Level 1:colcon.colcon_core.package_identification:_identify(src/bwsibot/logs/2026-07-16) by extension 'colcon_meta'
[0.876s] Level 1:colcon.colcon_core.package_identification:_identify(src/bwsibot/logs/2026-07-16) by extensions ['ros']
[0.876s] Level 1:colcon.colcon_core.package_identification:_identify(src/bwsibot/logs/2026-07-16) by extension 'ros'
[0.877s] Level 1:colcon.colcon_core.package_identification:_identify(src/bwsibot/logs/2026-07-16) by extensions ['cmake', 'python']
[0.877s] Level 1:colcon.colcon_core.package_identification:_identify(src/bwsibot/logs/2026-07-16) by extension 'cmake'
[0.877s] Level 1:colcon.colcon_core.package_identification:_identify(src/bwsibot/logs/2026-07-16) by extension 'python'
[0.877s] Level 1:colcon.colcon_core.package_identification:_identify(src/bwsibot/logs/2026-07-16) by extensions ['python_setup_py']
[0.878s] Level 1:colcon.colcon_core.package_identification:_identify(src/bwsibot/logs/2026-07-16) by extension 'python_setup_py'
[0.878s] Level 1:colcon.colcon_core.package_identification:_identify(src/bwsibot/logs/2026-07-16/flight1) by extensions ['ignore', 'ignore_ament_install']
[0.878s] Level 1:colcon.colcon_core.package_identification:_identify(src/bwsibot/logs/2026-07-16/flight1) by extension 'ignore'
[0.879s] Level 1:colcon.colcon_core.package_identification:_identify(src/bwsibot/logs/2026-07-16/flight1) by extension 'ignore_ament_install'
[0.879s] Level 1:colcon.colcon_core.package_identification:_identify(src/bwsibot/logs/2026-07-16/flight1) by extensions ['colcon_pkg']
[0.879s] Level 1:colcon.colcon_core.package_identification:_identify(src/bwsibot/logs/2026-07-16/flight1) by extension 'colcon_pkg'
[0.880s] Level 1:colcon.colcon_core.package_identification:_identify(src/bwsibot/logs/2026-07-16/flight1) by extensions ['colcon_meta']
[0.880s] Level 1:colcon.colcon_core.package_identification:_identify(src/bwsibot/logs/2026-07-16/flight1) by extension 'colcon_meta'
[0.880s] Level 1:colcon.colcon_core.package_identification:_identify(src/bwsibot/logs/2026-07-16/flight1) by extensions ['ros']
[0.881s] Level 1:colcon.colcon_core.package_identification:_identify(src/bwsibot/logs/2026-07-16/flight1) by extension 'ros'
[0.881s] Level 1:colcon.colcon_core.package_identification:_identify(src/bwsibot/logs/2026-07-16/flight1) by extensions ['cmake', 'python']
[0.881s] Level 1:colcon.colcon_core.package_identification:_identify(src/bwsibot/logs/2026-07-16/flight1) by extension 'cmake'
[0.881s] Level 1:colcon.colcon_core.package_identification:_identify(src/bwsibot/logs/2026-07-16/flight1) by extension 'python'
[0.882s] Level 1:colcon.colcon_core.package_identification:_identify(src/bwsibot/logs/2026-07-16/flight1) by extensions ['python_setup_py']
[0.882s] Level 1:colcon.colcon_core.package_identification:_identify(src/bwsibot/logs/2026-07-16/flight1) by extension 'python_setup_py'
[0.883s] Level 1:colcon.colcon_core.package_identification:_identify(src/ros2_auv_pid) by extensions ['ignore', 'ignore_ament_install']
[0.883s] Level 1:colcon.colcon_core.package_identification:_identify(src/ros2_auv_pid) by extension 'ignore'
[0.883s] Level 1:colcon.colcon_core.package_identification:_identify(src/ros2_auv_pid) by extension 'ignore_ament_install'
[0.884s] Level 1:colcon.colcon_core.package_identification:_identify(src/ros2_auv_pid) by extensions ['colcon_pkg']
[0.884s] Level 1:colcon.colcon_core.package_identification:_identify(src/ros2_auv_pid) by extension 'colcon_pkg'
[0.884s] Level 1:colcon.colcon_core.package_identification:_identify(src/ros2_auv_pid) by extensions ['colcon_meta']
[0.884s] Level 1:colcon.colcon_core.package_identification:_identify(src/ros2_auv_pid) by extension 'colcon_meta'
[0.884s] Level 1:colcon.colcon_core.package_identification:_identify(src/ros2_auv_pid) by extensions ['ros']
[0.884s] Level 1:colcon.colcon_core.package_identification:_identify(src/ros2_auv_pid) by extension 'ros'
[0.895s] DEBUG:colcon.colcon_core.package_identification:Package 'src/ros2_auv_pid' with type 'ros.ament_python' and name 'ros2_auv_pid'
[0.896s] Level 1:colcon.colcon_core.package_identification:_identify(src/rosmav) by extensions ['ignore', 'ignore_ament_install']
[0.897s] Level 1:colcon.colcon_core.package_identification:_identify(src/rosmav) by extension 'ignore'
[0.897s] Level 1:colcon.colcon_core.package_identification:_identify(src/rosmav) by extension 'ignore_ament_install'
[0.897s] Level 1:colcon.colcon_core.package_identification:_identify(src/rosmav) by extensions ['colcon_pkg']
[0.898s] Level 1:colcon.colcon_core.package_identification:_identify(src/rosmav) by extension 'colcon_pkg'
[0.898s] Level 1:colcon.colcon_core.package_identification:_identify(src/rosmav) by extensions ['colcon_meta']
[0.898s] Level 1:colcon.colcon_core.package_identification:_identify(src/rosmav) by extension 'colcon_meta'
[0.898s] Level 1:colcon.colcon_core.package_identification:_identify(src/rosmav) by extensions ['ros']
[0.898s] Level 1:colcon.colcon_core.package_identification:_identify(src/rosmav) by extension 'ros'
[0.904s] DEBUG:colcon.colcon_core.package_identification:Package 'src/rosmav' with type 'ros.ament_python' and name 'rosmav'
[0.904s] Level 1:colcon.colcon_core.package_discovery:discover_packages(recursive) using defaults
[0.905s] Level 1:colcon.colcon_core.package_discovery:discover_packages(ignore) discover
[0.905s] Level 1:colcon.colcon_core.package_discovery:discover_packages(ignore) using defaults
[0.905s] Level 1:colcon.colcon_core.package_discovery:discover_packages(path) discover
[0.905s] Level 1:colcon.colcon_core.package_discovery:discover_packages(path) using defaults
[0.981s] INFO:colcon.colcon_core.package_selection:Skipping not selected package 'rosmav' in 'src/rosmav'
[0.983s] Level 1:colcon.colcon_core.package_discovery:discover_packages(prefix_path) check parameters
[0.983s] Level 1:colcon.colcon_core.package_discovery:discover_packages(prefix_path) discover
[0.995s] DEBUG:colcon.colcon_installed_package_information.package_discovery:Found 2 installed packages in /home/name/auvc-auv-movement/install
[0.998s] DEBUG:colcon.colcon_installed_package_information.package_discovery:Found 5 installed packages in /home/name/auvc_ws/install
[1.001s] DEBUG:colcon.colcon_installed_package_information.package_discovery:Found 1 installed packages in /home/name/install
[1.012s] DEBUG:colcon.colcon_installed_package_information.package_discovery:Found 261 installed packages in /opt/ros/jazzy
[1.020s] Level 1:colcon.colcon_core.package_discovery:discover_packages(prefix_path) using defaults
[1.208s] Level 5:colcon.colcon_core.verb:set package 'ros2_auv_pid' build argument 'cmake_args' from command line to 'None'
[1.208s] Level 5:colcon.colcon_core.verb:set package 'ros2_auv_pid' build argument 'cmake_target' from command line to 'None'
[1.208s] Level 5:colcon.colcon_core.verb:set package 'ros2_auv_pid' build argument 'cmake_target_skip_unavailable' from command line to 'False'
[1.208s] Level 5:colcon.colcon_core.verb:set package 'ros2_auv_pid' build argument 'cmake_clean_cache' from command line to 'False'
[1.208s] Level 5:colcon.colcon_core.verb:set package 'ros2_auv_pid' build argument 'cmake_clean_first' from command line to 'False'
[1.208s] Level 5:colcon.colcon_core.verb:set package 'ros2_auv_pid' build argument 'cmake_force_configure' from command line to 'False'
[1.208s] Level 5:colcon.colcon_core.verb:set package 'ros2_auv_pid' build argument 'ament_cmake_args' from command line to 'None'
[1.208s] Level 5:colcon.colcon_core.verb:set package 'ros2_auv_pid' build argument 'catkin_cmake_args' from command line to 'None'
[1.209s] Level 5:colcon.colcon_core.verb:set package 'ros2_auv_pid' build argument 'catkin_skip_building_tests' from command line to 'False'
[1.209s] DEBUG:colcon.colcon_core.verb:Building package 'ros2_auv_pid' with the following arguments: {'ament_cmake_args': None, 'build_base': '/home/name/auvc-auv-movement/build/ros2_auv_pid', 'catkin_cmake_args': None, 'catkin_skip_building_tests': False, 'cmake_args': None, 'cmake_clean_cache': False, 'cmake_clean_first': False, 'cmake_force_configure': False, 'cmake_target': None, 'cmake_target_skip_unavailable': False, 'install_base': '/home/name/auvc-auv-movement/install/ros2_auv_pid', 'merge_install': False, 'path': '/home/name/auvc-auv-movement/src/ros2_auv_pid', 'symlink_install': False, 'test_result_base': None}
[1.210s] INFO:colcon.colcon_core.executor:Executing jobs using 'parallel' executor
[1.213s] DEBUG:colcon.colcon_parallel_executor.executor.parallel:run_until_complete
[1.214s] INFO:colcon.colcon_ros.task.ament_python.build:Building ROS package in '/home/name/auvc-auv-movement/src/ros2_auv_pid' with build type 'ament_python'
[1.215s] Level 1:colcon.colcon_core.shell:create_environment_hook('ros2_auv_pid', 'ament_prefix_path')
[1.226s] INFO:colcon.colcon_core.plugin_system:Skipping extension 'colcon_core.shell.bat': Not used on non-Windows systems
[1.226s] INFO:colcon.colcon_core.shell:Creating environment hook '/home/name/auvc-auv-movement/install/ros2_auv_pid/share/ros2_auv_pid/hook/ament_prefix_path.ps1'
[1.229s] INFO:colcon.colcon_core.shell:Creating environment descriptor '/home/name/auvc-auv-movement/install/ros2_auv_pid/share/ros2_auv_pid/hook/ament_prefix_path.dsv'
[1.232s] INFO:colcon.colcon_core.shell:Creating environment hook '/home/name/auvc-auv-movement/install/ros2_auv_pid/share/ros2_auv_pid/hook/ament_prefix_path.sh'
[1.235s] INFO:colcon.colcon_core.shell:Skip shell extension 'powershell' for command environment: Not usable outside of PowerShell
[1.235s] DEBUG:colcon.colcon_core.shell:Skip shell extension 'dsv' for command environment
[2.949s] INFO:colcon.colcon_core.task.python.build:Building Python package in '/home/name/auvc-auv-movement/src/ros2_auv_pid'
[2.950s] INFO:colcon.colcon_core.shell:Skip shell extension 'powershell' for command environment: Not usable outside of PowerShell
[2.950s] DEBUG:colcon.colcon_core.shell:Skip shell extension 'dsv' for command environment
[6.927s] DEBUG:colcon.colcon_core.task.python.build:Available setuptools commands: install_egg_info, saveopts, dist_info, clean, check, build_py, install_lib, easy_install, build_ext, install_headers, bdist_dumb, build_scripts, install_data, rotate, init_catalog, bdist_egg, register, upload, extract_messages, editable_wheel, upload_docs, develop, install, setopt, egg_info, update_catalog, bdist_wheel, bdist_rpm, alias, sdist, install_scripts, symlink_data, compile_catalog, build, test, build_clib, bdist
[6.935s] DEBUG:colcon.colcon_core.event_handler.log_command:Invoking command in '/home/name/auvc-auv-movement/src/ros2_auv_pid': PYTHONPATH=/home/name/auvc-auv-movement/build/ros2_auv_pid/prefix_override:/usr/lib/python3/dist-packages/colcon_core/task/python/colcon_distutils_commands:/home/name/auvc-auv-movement/install/ros2_auv_pid/lib/python3.12/site-packages:${PYTHONPATH} /usr/bin/python3 -W ignore:setup.py install is deprecated -W ignore:easy_install command is deprecated setup.py egg_info --egg-base ../../build/ros2_auv_pid build --build-base /home/name/auvc-auv-movement/build/ros2_auv_pid/build install --record /home/name/auvc-auv-movement/build/ros2_auv_pid/install.log --install-scripts $base/lib/ros2_auv_pid --single-version-externally-managed install_data
[10.455s] DEBUG:colcon.colcon_core.event_handler.log_command:Invoked command in '/home/name/auvc-auv-movement/src/ros2_auv_pid' returned '0': PYTHONPATH=/home/name/auvc-auv-movement/build/ros2_auv_pid/prefix_override:/usr/lib/python3/dist-packages/colcon_core/task/python/colcon_distutils_commands:/home/name/auvc-auv-movement/install/ros2_auv_pid/lib/python3.12/site-packages:${PYTHONPATH} /usr/bin/python3 -W ignore:setup.py install is deprecated -W ignore:easy_install command is deprecated setup.py egg_info --egg-base ../../build/ros2_auv_pid build --build-base /home/name/auvc-auv-movement/build/ros2_auv_pid/build install --record /home/name/auvc-auv-movement/build/ros2_auv_pid/install.log --install-scripts $base/lib/ros2_auv_pid --single-version-externally-managed install_data
[10.466s] Level 1:colcon.colcon_core.environment:checking '/home/name/auvc-auv-movement/install/ros2_auv_pid' for CMake module files
[10.469s] Level 1:colcon.colcon_core.environment:checking '/home/name/auvc-auv-movement/install/ros2_auv_pid' for CMake config files
[10.472s] Level 1:colcon.colcon_core.environment:checking '/home/name/auvc-auv-movement/install/ros2_auv_pid/lib'
[10.473s] Level 1:colcon.colcon_core.environment:checking '/home/name/auvc-auv-movement/install/ros2_auv_pid/bin'
[10.474s] Level 1:colcon.colcon_core.environment:checking '/home/name/auvc-auv-movement/install/ros2_auv_pid/lib/pkgconfig/ros2_auv_pid.pc'
[10.474s] Level 1:colcon.colcon_core.environment:checking '/home/name/auvc-auv-movement/install/ros2_auv_pid/lib/python3.12/site-packages'
[10.475s] Level 1:colcon.colcon_core.shell:create_environment_hook('ros2_auv_pid', 'pythonpath')
[10.476s] INFO:colcon.colcon_core.shell:Creating environment hook '/home/name/auvc-auv-movement/install/ros2_auv_pid/share/ros2_auv_pid/hook/pythonpath.ps1'
[10.478s] INFO:colcon.colcon_core.shell:Creating environment descriptor '/home/name/auvc-auv-movement/install/ros2_auv_pid/share/ros2_auv_pid/hook/pythonpath.dsv'
[10.479s] INFO:colcon.colcon_core.shell:Creating environment hook '/home/name/auvc-auv-movement/install/ros2_auv_pid/share/ros2_auv_pid/hook/pythonpath.sh'
[10.482s] Level 1:colcon.colcon_core.environment:checking '/home/name/auvc-auv-movement/install/ros2_auv_pid/bin'
[10.482s] Level 1:colcon.colcon_core.environment:create_environment_scripts_only(ros2_auv_pid)
[10.483s] INFO:colcon.colcon_core.shell:Creating package script '/home/name/auvc-auv-movement/install/ros2_auv_pid/share/ros2_auv_pid/package.ps1'
[10.488s] INFO:colcon.colcon_core.shell:Creating package descriptor '/home/name/auvc-auv-movement/install/ros2_auv_pid/share/ros2_auv_pid/package.dsv'
[10.490s] INFO:colcon.colcon_core.shell:Creating package script '/home/name/auvc-auv-movement/install/ros2_auv_pid/share/ros2_auv_pid/package.sh'
[10.494s] INFO:colcon.colcon_core.shell:Creating package script '/home/name/auvc-auv-movement/install/ros2_auv_pid/share/ros2_auv_pid/package.bash'
[10.497s] INFO:colcon.colcon_core.shell:Creating package script '/home/name/auvc-auv-movement/install/ros2_auv_pid/share/ros2_auv_pid/package.zsh'
[10.500s] Level 1:colcon.colcon_core.environment:create_file_with_runtime_dependencies(/home/name/auvc-auv-movement/install/ros2_auv_pid/share/colcon-core/packages/ros2_auv_pid)
[10.501s] DEBUG:colcon.colcon_parallel_executor.executor.parallel:closing loop
[10.503s] DEBUG:colcon.colcon_parallel_executor.executor.parallel:loop closed
[10.504s] DEBUG:colcon.colcon_parallel_executor.executor.parallel:run_until_complete finished with '0'
[10.504s] DEBUG:colcon.colcon_core.event_reactor:joining thread
[10.505s] DEBUG:colcon.colcon_core.event_reactor:joined thread
[10.506s] INFO:colcon.colcon_core.shell:Creating prefix script '/home/name/auvc-auv-movement/install/local_setup.ps1'
[10.510s] INFO:colcon.colcon_core.shell:Creating prefix util module '/home/name/auvc-auv-movement/install/_local_setup_util_ps1.py'
[10.515s] INFO:colcon.colcon_core.shell:Creating prefix chain script '/home/name/auvc-auv-movement/install/setup.ps1'
[10.522s] INFO:colcon.colcon_core.shell:Creating prefix script '/home/name/auvc-auv-movement/install/local_setup.sh'
[10.525s] INFO:colcon.colcon_core.shell:Creating prefix util module '/home/name/auvc-auv-movement/install/_local_setup_util_sh.py'
[10.528s] INFO:colcon.colcon_core.shell:Creating prefix chain script '/home/name/auvc-auv-movement/install/setup.sh'
[10.534s] INFO:colcon.colcon_core.shell:Creating prefix script '/home/name/auvc-auv-movement/install/local_setup.bash'
[10.536s] INFO:colcon.colcon_core.shell:Creating prefix chain script '/home/name/auvc-auv-movement/install/setup.bash'
[10.542s] INFO:colcon.colcon_core.shell:Creating prefix script '/home/name/auvc-auv-movement/install/local_setup.zsh'
[10.544s] INFO:colcon.colcon_core.shell:Creating prefix chain script '/home/name/auvc-auv-movement/install/setup.zsh'
