[0.947s] DEBUG:colcon:Command line arguments: ['/usr/bin/colcon', 'build', '--packages-select', 'ros2_auv_pid']
[0.947s] DEBUG:colcon:Parsed command line arguments: Namespace(log_base=None, log_level=None, verb_name='build', build_base='build', install_base='install', merge_install=False, symlink_install=False, test_result_base=None, continue_on_error=False, executor='parallel', parallel_workers=4, event_handlers=None, ignore_user_meta=False, metas=['./colcon.meta'], base_paths=['.'], packages_ignore=None, packages_ignore_regex=None, paths=None, packages_up_to=None, packages_up_to_regex=None, packages_above=None, packages_above_and_dependencies=None, packages_above_depth=None, packages_select_by_dep=None, packages_skip_by_dep=None, packages_skip_up_to=None, packages_select_build_failed=False, packages_skip_build_finished=False, packages_select_test_failures=False, packages_skip_test_passed=False, packages_select=['ros2_auv_pid'], packages_skip=None, packages_select_regex=None, packages_skip_regex=None, packages_start=None, packages_end=None, allow_overriding=[], cmake_args=None, cmake_target=None, cmake_target_skip_unavailable=False, cmake_clean_cache=False, cmake_clean_first=False, cmake_force_configure=False, ament_cmake_args=None, catkin_cmake_args=None, catkin_skip_building_tests=False, mixin_files=None, mixin=None, verb_parser=<colcon_mixin.mixin.mixin_argument.MixinArgumentDecorator object at 0xffff8eb47dd0>, verb_extension=<colcon_core.verb.build.BuildVerb object at 0xffff8eb47aa0>, main=<bound method BuildVerb.main of <colcon_core.verb.build.BuildVerb object at 0xffff8eb47aa0>>, mixin_verb=('build',))
[1.124s] Level 1:colcon.colcon_core.package_discovery:discover_packages(colcon_meta) check parameters
[1.125s] Level 1:colcon.colcon_core.package_discovery:discover_packages(recursive) check parameters
[1.125s] Level 1:colcon.colcon_core.package_discovery:discover_packages(ignore) check parameters
[1.125s] Level 1:colcon.colcon_core.package_discovery:discover_packages(path) check parameters
[1.125s] Level 1:colcon.colcon_core.package_discovery:discover_packages(colcon_meta) discover
[1.125s] Level 1:colcon.colcon_core.package_discovery:discover_packages(recursive) discover
[1.126s] INFO:colcon.colcon_core.package_discovery:Crawling recursively for packages in '/home/name/auvc-auv-movement'
[1.126s] Level 1:colcon.colcon_core.package_identification:_identify(.) by extensions ['ignore', 'ignore_ament_install']
[1.127s] Level 1:colcon.colcon_core.package_identification:_identify(.) by extension 'ignore'
[1.127s] Level 1:colcon.colcon_core.package_identification:_identify(.) by extension 'ignore_ament_install'
[1.127s] Level 1:colcon.colcon_core.package_identification:_identify(.) by extensions ['colcon_pkg']
[1.128s] Level 1:colcon.colcon_core.package_identification:_identify(.) by extension 'colcon_pkg'
[1.128s] Level 1:colcon.colcon_core.package_identification:_identify(.) by extensions ['colcon_meta']
[1.128s] Level 1:colcon.colcon_core.package_identification:_identify(.) by extension 'colcon_meta'
[1.128s] Level 1:colcon.colcon_core.package_identification:_identify(.) by extensions ['ros']
[1.128s] Level 1:colcon.colcon_core.package_identification:_identify(.) by extension 'ros'
[1.235s] Level 1:colcon.colcon_core.package_identification:_identify(.) by extensions ['cmake', 'python']
[1.235s] Level 1:colcon.colcon_core.package_identification:_identify(.) by extension 'cmake'
[1.236s] Level 1:colcon.colcon_core.package_identification:_identify(.) by extension 'python'
[1.236s] Level 1:colcon.colcon_core.package_identification:_identify(.) by extensions ['python_setup_py']
[1.236s] Level 1:colcon.colcon_core.package_identification:_identify(.) by extension 'python_setup_py'
[1.236s] Level 1:colcon.colcon_core.package_identification:_identify(build) by extensions ['ignore', 'ignore_ament_install']
[1.237s] Level 1:colcon.colcon_core.package_identification:_identify(build) by extension 'ignore'
[1.237s] Level 1:colcon.colcon_core.package_identification:_identify(build) ignored
[1.238s] Level 1:colcon.colcon_core.package_identification:_identify(bwsibot) by extensions ['ignore', 'ignore_ament_install']
[1.238s] Level 1:colcon.colcon_core.package_identification:_identify(bwsibot) by extension 'ignore'
[1.238s] Level 1:colcon.colcon_core.package_identification:_identify(bwsibot) by extension 'ignore_ament_install'
[1.238s] Level 1:colcon.colcon_core.package_identification:_identify(bwsibot) by extensions ['colcon_pkg']
[1.239s] Level 1:colcon.colcon_core.package_identification:_identify(bwsibot) by extension 'colcon_pkg'
[1.239s] Level 1:colcon.colcon_core.package_identification:_identify(bwsibot) by extensions ['colcon_meta']
[1.239s] Level 1:colcon.colcon_core.package_identification:_identify(bwsibot) by extension 'colcon_meta'
[1.239s] Level 1:colcon.colcon_core.package_identification:_identify(bwsibot) by extensions ['ros']
[1.239s] Level 1:colcon.colcon_core.package_identification:_identify(bwsibot) by extension 'ros'
[1.240s] Level 1:colcon.colcon_core.package_identification:_identify(bwsibot) by extensions ['cmake', 'python']
[1.240s] Level 1:colcon.colcon_core.package_identification:_identify(bwsibot) by extension 'cmake'
[1.240s] Level 1:colcon.colcon_core.package_identification:_identify(bwsibot) by extension 'python'
[1.240s] Level 1:colcon.colcon_core.package_identification:_identify(bwsibot) by extensions ['python_setup_py']
[1.240s] Level 1:colcon.colcon_core.package_identification:_identify(bwsibot) by extension 'python_setup_py'
[1.241s] Level 1:colcon.colcon_core.package_identification:_identify(bwsibot/logs) by extensions ['ignore', 'ignore_ament_install']
[1.241s] Level 1:colcon.colcon_core.package_identification:_identify(bwsibot/logs) by extension 'ignore'
[1.241s] Level 1:colcon.colcon_core.package_identification:_identify(bwsibot/logs) by extension 'ignore_ament_install'
[1.241s] Level 1:colcon.colcon_core.package_identification:_identify(bwsibot/logs) by extensions ['colcon_pkg']
[1.242s] Level 1:colcon.colcon_core.package_identification:_identify(bwsibot/logs) by extension 'colcon_pkg'
[1.242s] Level 1:colcon.colcon_core.package_identification:_identify(bwsibot/logs) by extensions ['colcon_meta']
[1.242s] Level 1:colcon.colcon_core.package_identification:_identify(bwsibot/logs) by extension 'colcon_meta'
[1.242s] Level 1:colcon.colcon_core.package_identification:_identify(bwsibot/logs) by extensions ['ros']
[1.242s] Level 1:colcon.colcon_core.package_identification:_identify(bwsibot/logs) by extension 'ros'
[1.243s] Level 1:colcon.colcon_core.package_identification:_identify(bwsibot/logs) by extensions ['cmake', 'python']
[1.243s] Level 1:colcon.colcon_core.package_identification:_identify(bwsibot/logs) by extension 'cmake'
[1.243s] Level 1:colcon.colcon_core.package_identification:_identify(bwsibot/logs) by extension 'python'
[1.243s] Level 1:colcon.colcon_core.package_identification:_identify(bwsibot/logs) by extensions ['python_setup_py']
[1.243s] Level 1:colcon.colcon_core.package_identification:_identify(bwsibot/logs) by extension 'python_setup_py'
[1.244s] Level 1:colcon.colcon_core.package_identification:_identify(bwsibot/logs/2026-07-19) by extensions ['ignore', 'ignore_ament_install']
[1.244s] Level 1:colcon.colcon_core.package_identification:_identify(bwsibot/logs/2026-07-19) by extension 'ignore'
[1.244s] Level 1:colcon.colcon_core.package_identification:_identify(bwsibot/logs/2026-07-19) by extension 'ignore_ament_install'
[1.244s] Level 1:colcon.colcon_core.package_identification:_identify(bwsibot/logs/2026-07-19) by extensions ['colcon_pkg']
[1.245s] Level 1:colcon.colcon_core.package_identification:_identify(bwsibot/logs/2026-07-19) by extension 'colcon_pkg'
[1.245s] Level 1:colcon.colcon_core.package_identification:_identify(bwsibot/logs/2026-07-19) by extensions ['colcon_meta']
[1.245s] Level 1:colcon.colcon_core.package_identification:_identify(bwsibot/logs/2026-07-19) by extension 'colcon_meta'
[1.245s] Level 1:colcon.colcon_core.package_identification:_identify(bwsibot/logs/2026-07-19) by extensions ['ros']
[1.245s] Level 1:colcon.colcon_core.package_identification:_identify(bwsibot/logs/2026-07-19) by extension 'ros'
[1.246s] Level 1:colcon.colcon_core.package_identification:_identify(bwsibot/logs/2026-07-19) by extensions ['cmake', 'python']
[1.246s] Level 1:colcon.colcon_core.package_identification:_identify(bwsibot/logs/2026-07-19) by extension 'cmake'
[1.246s] Level 1:colcon.colcon_core.package_identification:_identify(bwsibot/logs/2026-07-19) by extension 'python'
[1.246s] Level 1:colcon.colcon_core.package_identification:_identify(bwsibot/logs/2026-07-19) by extensions ['python_setup_py']
[1.246s] Level 1:colcon.colcon_core.package_identification:_identify(bwsibot/logs/2026-07-19) by extension 'python_setup_py'
[1.247s] Level 1:colcon.colcon_core.package_identification:_identify(bwsibot/logs/2026-07-19/flight1) by extensions ['ignore', 'ignore_ament_install']
[1.247s] Level 1:colcon.colcon_core.package_identification:_identify(bwsibot/logs/2026-07-19/flight1) by extension 'ignore'
[1.247s] Level 1:colcon.colcon_core.package_identification:_identify(bwsibot/logs/2026-07-19/flight1) by extension 'ignore_ament_install'
[1.248s] Level 1:colcon.colcon_core.package_identification:_identify(bwsibot/logs/2026-07-19/flight1) by extensions ['colcon_pkg']
[1.248s] Level 1:colcon.colcon_core.package_identification:_identify(bwsibot/logs/2026-07-19/flight1) by extension 'colcon_pkg'
[1.248s] Level 1:colcon.colcon_core.package_identification:_identify(bwsibot/logs/2026-07-19/flight1) by extensions ['colcon_meta']
[1.248s] Level 1:colcon.colcon_core.package_identification:_identify(bwsibot/logs/2026-07-19/flight1) by extension 'colcon_meta'
[1.248s] Level 1:colcon.colcon_core.package_identification:_identify(bwsibot/logs/2026-07-19/flight1) by extensions ['ros']
[1.248s] Level 1:colcon.colcon_core.package_identification:_identify(bwsibot/logs/2026-07-19/flight1) by extension 'ros'
[1.249s] Level 1:colcon.colcon_core.package_identification:_identify(bwsibot/logs/2026-07-19/flight1) by extensions ['cmake', 'python']
[1.249s] Level 1:colcon.colcon_core.package_identification:_identify(bwsibot/logs/2026-07-19/flight1) by extension 'cmake'
[1.249s] Level 1:colcon.colcon_core.package_identification:_identify(bwsibot/logs/2026-07-19/flight1) by extension 'python'
[1.249s] Level 1:colcon.colcon_core.package_identification:_identify(bwsibot/logs/2026-07-19/flight1) by extensions ['python_setup_py']
[1.249s] Level 1:colcon.colcon_core.package_identification:_identify(bwsibot/logs/2026-07-19/flight1) by extension 'python_setup_py'
[1.250s] Level 1:colcon.colcon_core.package_identification:_identify(bwsibot/logs/2026-07-19/flight2) by extensions ['ignore', 'ignore_ament_install']
[1.250s] Level 1:colcon.colcon_core.package_identification:_identify(bwsibot/logs/2026-07-19/flight2) by extension 'ignore'
[1.251s] Level 1:colcon.colcon_core.package_identification:_identify(bwsibot/logs/2026-07-19/flight2) by extension 'ignore_ament_install'
[1.251s] Level 1:colcon.colcon_core.package_identification:_identify(bwsibot/logs/2026-07-19/flight2) by extensions ['colcon_pkg']
[1.251s] Level 1:colcon.colcon_core.package_identification:_identify(bwsibot/logs/2026-07-19/flight2) by extension 'colcon_pkg'
[1.251s] Level 1:colcon.colcon_core.package_identification:_identify(bwsibot/logs/2026-07-19/flight2) by extensions ['colcon_meta']
[1.251s] Level 1:colcon.colcon_core.package_identification:_identify(bwsibot/logs/2026-07-19/flight2) by extension 'colcon_meta'
[1.252s] Level 1:colcon.colcon_core.package_identification:_identify(bwsibot/logs/2026-07-19/flight2) by extensions ['ros']
[1.252s] Level 1:colcon.colcon_core.package_identification:_identify(bwsibot/logs/2026-07-19/flight2) by extension 'ros'
[1.252s] Level 1:colcon.colcon_core.package_identification:_identify(bwsibot/logs/2026-07-19/flight2) by extensions ['cmake', 'python']
[1.252s] Level 1:colcon.colcon_core.package_identification:_identify(bwsibot/logs/2026-07-19/flight2) by extension 'cmake'
[1.252s] Level 1:colcon.colcon_core.package_identification:_identify(bwsibot/logs/2026-07-19/flight2) by extension 'python'
[1.253s] Level 1:colcon.colcon_core.package_identification:_identify(bwsibot/logs/2026-07-19/flight2) by extensions ['python_setup_py']
[1.253s] Level 1:colcon.colcon_core.package_identification:_identify(bwsibot/logs/2026-07-19/flight2) by extension 'python_setup_py'
[1.253s] Level 1:colcon.colcon_core.package_identification:_identify(install) by extensions ['ignore', 'ignore_ament_install']
[1.254s] Level 1:colcon.colcon_core.package_identification:_identify(install) by extension 'ignore'
[1.254s] Level 1:colcon.colcon_core.package_identification:_identify(install) ignored
[1.255s] Level 1:colcon.colcon_core.package_identification:_identify(log) by extensions ['ignore', 'ignore_ament_install']
[1.255s] Level 1:colcon.colcon_core.package_identification:_identify(log) by extension 'ignore'
[1.255s] Level 1:colcon.colcon_core.package_identification:_identify(log) ignored
[1.256s] Level 1:colcon.colcon_core.package_identification:_identify(logs) by extensions ['ignore', 'ignore_ament_install']
[1.256s] Level 1:colcon.colcon_core.package_identification:_identify(logs) by extension 'ignore'
[1.257s] Level 1:colcon.colcon_core.package_identification:_identify(logs) by extension 'ignore_ament_install'
[1.257s] Level 1:colcon.colcon_core.package_identification:_identify(logs) by extensions ['colcon_pkg']
[1.257s] Level 1:colcon.colcon_core.package_identification:_identify(logs) by extension 'colcon_pkg'
[1.257s] Level 1:colcon.colcon_core.package_identification:_identify(logs) by extensions ['colcon_meta']
[1.257s] Level 1:colcon.colcon_core.package_identification:_identify(logs) by extension 'colcon_meta'
[1.257s] Level 1:colcon.colcon_core.package_identification:_identify(logs) by extensions ['ros']
[1.258s] Level 1:colcon.colcon_core.package_identification:_identify(logs) by extension 'ros'
[1.258s] Level 1:colcon.colcon_core.package_identification:_identify(logs) by extensions ['cmake', 'python']
[1.258s] Level 1:colcon.colcon_core.package_identification:_identify(logs) by extension 'cmake'
[1.258s] Level 1:colcon.colcon_core.package_identification:_identify(logs) by extension 'python'
[1.258s] Level 1:colcon.colcon_core.package_identification:_identify(logs) by extensions ['python_setup_py']
[1.259s] Level 1:colcon.colcon_core.package_identification:_identify(logs) by extension 'python_setup_py'
[1.259s] Level 1:colcon.colcon_core.package_identification:_identify(src) by extensions ['ignore', 'ignore_ament_install']
[1.259s] Level 1:colcon.colcon_core.package_identification:_identify(src) by extension 'ignore'
[1.259s] Level 1:colcon.colcon_core.package_identification:_identify(src) by extension 'ignore_ament_install'
[1.260s] Level 1:colcon.colcon_core.package_identification:_identify(src) by extensions ['colcon_pkg']
[1.260s] Level 1:colcon.colcon_core.package_identification:_identify(src) by extension 'colcon_pkg'
[1.260s] Level 1:colcon.colcon_core.package_identification:_identify(src) by extensions ['colcon_meta']
[1.260s] Level 1:colcon.colcon_core.package_identification:_identify(src) by extension 'colcon_meta'
[1.260s] Level 1:colcon.colcon_core.package_identification:_identify(src) by extensions ['ros']
[1.261s] Level 1:colcon.colcon_core.package_identification:_identify(src) by extension 'ros'
[1.261s] Level 1:colcon.colcon_core.package_identification:_identify(src) by extensions ['cmake', 'python']
[1.261s] Level 1:colcon.colcon_core.package_identification:_identify(src) by extension 'cmake'
[1.262s] Level 1:colcon.colcon_core.package_identification:_identify(src) by extension 'python'
[1.262s] Level 1:colcon.colcon_core.package_identification:_identify(src) by extensions ['python_setup_py']
[1.262s] Level 1:colcon.colcon_core.package_identification:_identify(src) by extension 'python_setup_py'
[1.262s] Level 1:colcon.colcon_core.package_identification:_identify(src/bwsibot) by extensions ['ignore', 'ignore_ament_install']
[1.263s] Level 1:colcon.colcon_core.package_identification:_identify(src/bwsibot) by extension 'ignore'
[1.263s] Level 1:colcon.colcon_core.package_identification:_identify(src/bwsibot) by extension 'ignore_ament_install'
[1.264s] Level 1:colcon.colcon_core.package_identification:_identify(src/bwsibot) by extensions ['colcon_pkg']
[1.264s] Level 1:colcon.colcon_core.package_identification:_identify(src/bwsibot) by extension 'colcon_pkg'
[1.264s] Level 1:colcon.colcon_core.package_identification:_identify(src/bwsibot) by extensions ['colcon_meta']
[1.264s] Level 1:colcon.colcon_core.package_identification:_identify(src/bwsibot) by extension 'colcon_meta'
[1.264s] Level 1:colcon.colcon_core.package_identification:_identify(src/bwsibot) by extensions ['ros']
[1.264s] Level 1:colcon.colcon_core.package_identification:_identify(src/bwsibot) by extension 'ros'
[1.265s] Level 1:colcon.colcon_core.package_identification:_identify(src/bwsibot) by extensions ['cmake', 'python']
[1.265s] Level 1:colcon.colcon_core.package_identification:_identify(src/bwsibot) by extension 'cmake'
[1.265s] Level 1:colcon.colcon_core.package_identification:_identify(src/bwsibot) by extension 'python'
[1.265s] Level 1:colcon.colcon_core.package_identification:_identify(src/bwsibot) by extensions ['python_setup_py']
[1.265s] Level 1:colcon.colcon_core.package_identification:_identify(src/bwsibot) by extension 'python_setup_py'
[1.266s] Level 1:colcon.colcon_core.package_identification:_identify(src/bwsibot/logs) by extensions ['ignore', 'ignore_ament_install']
[1.266s] Level 1:colcon.colcon_core.package_identification:_identify(src/bwsibot/logs) by extension 'ignore'
[1.266s] Level 1:colcon.colcon_core.package_identification:_identify(src/bwsibot/logs) by extension 'ignore_ament_install'
[1.267s] Level 1:colcon.colcon_core.package_identification:_identify(src/bwsibot/logs) by extensions ['colcon_pkg']
[1.267s] Level 1:colcon.colcon_core.package_identification:_identify(src/bwsibot/logs) by extension 'colcon_pkg'
[1.267s] Level 1:colcon.colcon_core.package_identification:_identify(src/bwsibot/logs) by extensions ['colcon_meta']
[1.267s] Level 1:colcon.colcon_core.package_identification:_identify(src/bwsibot/logs) by extension 'colcon_meta'
[1.267s] Level 1:colcon.colcon_core.package_identification:_identify(src/bwsibot/logs) by extensions ['ros']
[1.267s] Level 1:colcon.colcon_core.package_identification:_identify(src/bwsibot/logs) by extension 'ros'
[1.268s] Level 1:colcon.colcon_core.package_identification:_identify(src/bwsibot/logs) by extensions ['cmake', 'python']
[1.268s] Level 1:colcon.colcon_core.package_identification:_identify(src/bwsibot/logs) by extension 'cmake'
[1.268s] Level 1:colcon.colcon_core.package_identification:_identify(src/bwsibot/logs) by extension 'python'
[1.268s] Level 1:colcon.colcon_core.package_identification:_identify(src/bwsibot/logs) by extensions ['python_setup_py']
[1.268s] Level 1:colcon.colcon_core.package_identification:_identify(src/bwsibot/logs) by extension 'python_setup_py'
[1.269s] Level 1:colcon.colcon_core.package_identification:_identify(src/bwsibot/logs/2026-07-16) by extensions ['ignore', 'ignore_ament_install']
[1.269s] Level 1:colcon.colcon_core.package_identification:_identify(src/bwsibot/logs/2026-07-16) by extension 'ignore'
[1.270s] Level 1:colcon.colcon_core.package_identification:_identify(src/bwsibot/logs/2026-07-16) by extension 'ignore_ament_install'
[1.270s] Level 1:colcon.colcon_core.package_identification:_identify(src/bwsibot/logs/2026-07-16) by extensions ['colcon_pkg']
[1.270s] Level 1:colcon.colcon_core.package_identification:_identify(src/bwsibot/logs/2026-07-16) by extension 'colcon_pkg'
[1.270s] Level 1:colcon.colcon_core.package_identification:_identify(src/bwsibot/logs/2026-07-16) by extensions ['colcon_meta']
[1.270s] Level 1:colcon.colcon_core.package_identification:_identify(src/bwsibot/logs/2026-07-16) by extension 'colcon_meta'
[1.270s] Level 1:colcon.colcon_core.package_identification:_identify(src/bwsibot/logs/2026-07-16) by extensions ['ros']
[1.271s] Level 1:colcon.colcon_core.package_identification:_identify(src/bwsibot/logs/2026-07-16) by extension 'ros'
[1.271s] Level 1:colcon.colcon_core.package_identification:_identify(src/bwsibot/logs/2026-07-16) by extensions ['cmake', 'python']
[1.271s] Level 1:colcon.colcon_core.package_identification:_identify(src/bwsibot/logs/2026-07-16) by extension 'cmake'
[1.271s] Level 1:colcon.colcon_core.package_identification:_identify(src/bwsibot/logs/2026-07-16) by extension 'python'
[1.272s] Level 1:colcon.colcon_core.package_identification:_identify(src/bwsibot/logs/2026-07-16) by extensions ['python_setup_py']
[1.272s] Level 1:colcon.colcon_core.package_identification:_identify(src/bwsibot/logs/2026-07-16) by extension 'python_setup_py'
[1.272s] Level 1:colcon.colcon_core.package_identification:_identify(src/bwsibot/logs/2026-07-16/flight1) by extensions ['ignore', 'ignore_ament_install']
[1.272s] Level 1:colcon.colcon_core.package_identification:_identify(src/bwsibot/logs/2026-07-16/flight1) by extension 'ignore'
[1.273s] Level 1:colcon.colcon_core.package_identification:_identify(src/bwsibot/logs/2026-07-16/flight1) by extension 'ignore_ament_install'
[1.273s] Level 1:colcon.colcon_core.package_identification:_identify(src/bwsibot/logs/2026-07-16/flight1) by extensions ['colcon_pkg']
[1.273s] Level 1:colcon.colcon_core.package_identification:_identify(src/bwsibot/logs/2026-07-16/flight1) by extension 'colcon_pkg'
[1.273s] Level 1:colcon.colcon_core.package_identification:_identify(src/bwsibot/logs/2026-07-16/flight1) by extensions ['colcon_meta']
[1.273s] Level 1:colcon.colcon_core.package_identification:_identify(src/bwsibot/logs/2026-07-16/flight1) by extension 'colcon_meta'
[1.274s] Level 1:colcon.colcon_core.package_identification:_identify(src/bwsibot/logs/2026-07-16/flight1) by extensions ['ros']
[1.274s] Level 1:colcon.colcon_core.package_identification:_identify(src/bwsibot/logs/2026-07-16/flight1) by extension 'ros'
[1.274s] Level 1:colcon.colcon_core.package_identification:_identify(src/bwsibot/logs/2026-07-16/flight1) by extensions ['cmake', 'python']
[1.274s] Level 1:colcon.colcon_core.package_identification:_identify(src/bwsibot/logs/2026-07-16/flight1) by extension 'cmake'
[1.275s] Level 1:colcon.colcon_core.package_identification:_identify(src/bwsibot/logs/2026-07-16/flight1) by extension 'python'
[1.275s] Level 1:colcon.colcon_core.package_identification:_identify(src/bwsibot/logs/2026-07-16/flight1) by extensions ['python_setup_py']
[1.275s] Level 1:colcon.colcon_core.package_identification:_identify(src/bwsibot/logs/2026-07-16/flight1) by extension 'python_setup_py'
[1.275s] Level 1:colcon.colcon_core.package_identification:_identify(src/ros2_auv_pid) by extensions ['ignore', 'ignore_ament_install']
[1.276s] Level 1:colcon.colcon_core.package_identification:_identify(src/ros2_auv_pid) by extension 'ignore'
[1.276s] Level 1:colcon.colcon_core.package_identification:_identify(src/ros2_auv_pid) by extension 'ignore_ament_install'
[1.277s] Level 1:colcon.colcon_core.package_identification:_identify(src/ros2_auv_pid) by extensions ['colcon_pkg']
[1.277s] Level 1:colcon.colcon_core.package_identification:_identify(src/ros2_auv_pid) by extension 'colcon_pkg'
[1.277s] Level 1:colcon.colcon_core.package_identification:_identify(src/ros2_auv_pid) by extensions ['colcon_meta']
[1.277s] Level 1:colcon.colcon_core.package_identification:_identify(src/ros2_auv_pid) by extension 'colcon_meta'
[1.277s] Level 1:colcon.colcon_core.package_identification:_identify(src/ros2_auv_pid) by extensions ['ros']
[1.277s] Level 1:colcon.colcon_core.package_identification:_identify(src/ros2_auv_pid) by extension 'ros'
[1.288s] DEBUG:colcon.colcon_core.package_identification:Package 'src/ros2_auv_pid' with type 'ros.ament_python' and name 'ros2_auv_pid'
[1.289s] Level 1:colcon.colcon_core.package_identification:_identify(src/rosmav) by extensions ['ignore', 'ignore_ament_install']
[1.289s] Level 1:colcon.colcon_core.package_identification:_identify(src/rosmav) by extension 'ignore'
[1.289s] Level 1:colcon.colcon_core.package_identification:_identify(src/rosmav) by extension 'ignore_ament_install'
[1.290s] Level 1:colcon.colcon_core.package_identification:_identify(src/rosmav) by extensions ['colcon_pkg']
[1.290s] Level 1:colcon.colcon_core.package_identification:_identify(src/rosmav) by extension 'colcon_pkg'
[1.290s] Level 1:colcon.colcon_core.package_identification:_identify(src/rosmav) by extensions ['colcon_meta']
[1.290s] Level 1:colcon.colcon_core.package_identification:_identify(src/rosmav) by extension 'colcon_meta'
[1.290s] Level 1:colcon.colcon_core.package_identification:_identify(src/rosmav) by extensions ['ros']
[1.291s] Level 1:colcon.colcon_core.package_identification:_identify(src/rosmav) by extension 'ros'
[1.295s] DEBUG:colcon.colcon_core.package_identification:Package 'src/rosmav' with type 'ros.ament_python' and name 'rosmav'
[1.296s] Level 1:colcon.colcon_core.package_discovery:discover_packages(recursive) using defaults
[1.296s] Level 1:colcon.colcon_core.package_discovery:discover_packages(ignore) discover
[1.296s] Level 1:colcon.colcon_core.package_discovery:discover_packages(ignore) using defaults
[1.296s] Level 1:colcon.colcon_core.package_discovery:discover_packages(path) discover
[1.296s] Level 1:colcon.colcon_core.package_discovery:discover_packages(path) using defaults
[1.369s] INFO:colcon.colcon_core.package_selection:Skipping not selected package 'rosmav' in 'src/rosmav'
[1.371s] Level 1:colcon.colcon_core.package_discovery:discover_packages(prefix_path) check parameters
[1.371s] Level 1:colcon.colcon_core.package_discovery:discover_packages(prefix_path) discover
[1.381s] DEBUG:colcon.colcon_installed_package_information.package_discovery:Found 2 installed packages in /home/name/auvc-auv-movement/install
[1.384s] DEBUG:colcon.colcon_installed_package_information.package_discovery:Found 5 installed packages in /home/name/auvc_ws/install
[1.386s] DEBUG:colcon.colcon_installed_package_information.package_discovery:Found 1 installed packages in /home/name/install
[1.396s] DEBUG:colcon.colcon_installed_package_information.package_discovery:Found 261 installed packages in /opt/ros/jazzy
[1.404s] Level 1:colcon.colcon_core.package_discovery:discover_packages(prefix_path) using defaults
[1.592s] Level 5:colcon.colcon_core.verb:set package 'ros2_auv_pid' build argument 'cmake_args' from command line to 'None'
[1.593s] Level 5:colcon.colcon_core.verb:set package 'ros2_auv_pid' build argument 'cmake_target' from command line to 'None'
[1.593s] Level 5:colcon.colcon_core.verb:set package 'ros2_auv_pid' build argument 'cmake_target_skip_unavailable' from command line to 'False'
[1.593s] Level 5:colcon.colcon_core.verb:set package 'ros2_auv_pid' build argument 'cmake_clean_cache' from command line to 'False'
[1.593s] Level 5:colcon.colcon_core.verb:set package 'ros2_auv_pid' build argument 'cmake_clean_first' from command line to 'False'
[1.593s] Level 5:colcon.colcon_core.verb:set package 'ros2_auv_pid' build argument 'cmake_force_configure' from command line to 'False'
[1.594s] Level 5:colcon.colcon_core.verb:set package 'ros2_auv_pid' build argument 'ament_cmake_args' from command line to 'None'
[1.594s] Level 5:colcon.colcon_core.verb:set package 'ros2_auv_pid' build argument 'catkin_cmake_args' from command line to 'None'
[1.594s] Level 5:colcon.colcon_core.verb:set package 'ros2_auv_pid' build argument 'catkin_skip_building_tests' from command line to 'False'
[1.594s] DEBUG:colcon.colcon_core.verb:Building package 'ros2_auv_pid' with the following arguments: {'ament_cmake_args': None, 'build_base': '/home/name/auvc-auv-movement/build/ros2_auv_pid', 'catkin_cmake_args': None, 'catkin_skip_building_tests': False, 'cmake_args': None, 'cmake_clean_cache': False, 'cmake_clean_first': False, 'cmake_force_configure': False, 'cmake_target': None, 'cmake_target_skip_unavailable': False, 'install_base': '/home/name/auvc-auv-movement/install/ros2_auv_pid', 'merge_install': False, 'path': '/home/name/auvc-auv-movement/src/ros2_auv_pid', 'symlink_install': False, 'test_result_base': None}
[1.595s] INFO:colcon.colcon_core.executor:Executing jobs using 'parallel' executor
[1.598s] DEBUG:colcon.colcon_parallel_executor.executor.parallel:run_until_complete
[1.600s] INFO:colcon.colcon_ros.task.ament_python.build:Building ROS package in '/home/name/auvc-auv-movement/src/ros2_auv_pid' with build type 'ament_python'
[1.603s] Level 1:colcon.colcon_core.shell:create_environment_hook('ros2_auv_pid', 'ament_prefix_path')
[1.617s] INFO:colcon.colcon_core.plugin_system:Skipping extension 'colcon_core.shell.bat': Not used on non-Windows systems
[1.618s] INFO:colcon.colcon_core.shell:Creating environment hook '/home/name/auvc-auv-movement/install/ros2_auv_pid/share/ros2_auv_pid/hook/ament_prefix_path.ps1'
[1.621s] INFO:colcon.colcon_core.shell:Creating environment descriptor '/home/name/auvc-auv-movement/install/ros2_auv_pid/share/ros2_auv_pid/hook/ament_prefix_path.dsv'
[1.624s] INFO:colcon.colcon_core.shell:Creating environment hook '/home/name/auvc-auv-movement/install/ros2_auv_pid/share/ros2_auv_pid/hook/ament_prefix_path.sh'
[1.628s] INFO:colcon.colcon_core.shell:Skip shell extension 'powershell' for command environment: Not usable outside of PowerShell
[1.628s] DEBUG:colcon.colcon_core.shell:Skip shell extension 'dsv' for command environment
[2.971s] INFO:colcon.colcon_core.task.python.build:Building Python package in '/home/name/auvc-auv-movement/src/ros2_auv_pid'
[2.971s] INFO:colcon.colcon_core.shell:Skip shell extension 'powershell' for command environment: Not usable outside of PowerShell
[2.972s] DEBUG:colcon.colcon_core.shell:Skip shell extension 'dsv' for command environment
[6.702s] DEBUG:colcon.colcon_core.task.python.build:Available setuptools commands: install_scripts, develop, dist_info, register, clean, sdist, bdist, compile_catalog, egg_info, check, build_scripts, bdist_wheel, build_py, install, bdist_rpm, easy_install, init_catalog, install_egg_info, install_headers, rotate, upload_docs, upload, saveopts, alias, editable_wheel, bdist_egg, build_ext, bdist_dumb, build, install_data, setopt, build_clib, test, update_catalog, install_lib, extract_messages, symlink_data
[6.709s] DEBUG:colcon.colcon_core.event_handler.log_command:Invoking command in '/home/name/auvc-auv-movement/src/ros2_auv_pid': PYTHONPATH=/home/name/auvc-auv-movement/build/ros2_auv_pid/prefix_override:/usr/lib/python3/dist-packages/colcon_core/task/python/colcon_distutils_commands:/home/name/auvc-auv-movement/install/ros2_auv_pid/lib/python3.12/site-packages:${PYTHONPATH} /usr/bin/python3 -W ignore:setup.py install is deprecated -W ignore:easy_install command is deprecated setup.py egg_info --egg-base ../../build/ros2_auv_pid build --build-base /home/name/auvc-auv-movement/build/ros2_auv_pid/build install --record /home/name/auvc-auv-movement/build/ros2_auv_pid/install.log --install-scripts $base/lib/ros2_auv_pid --single-version-externally-managed install_data
[10.098s] DEBUG:colcon.colcon_core.event_handler.log_command:Invoked command in '/home/name/auvc-auv-movement/src/ros2_auv_pid' returned '0': PYTHONPATH=/home/name/auvc-auv-movement/build/ros2_auv_pid/prefix_override:/usr/lib/python3/dist-packages/colcon_core/task/python/colcon_distutils_commands:/home/name/auvc-auv-movement/install/ros2_auv_pid/lib/python3.12/site-packages:${PYTHONPATH} /usr/bin/python3 -W ignore:setup.py install is deprecated -W ignore:easy_install command is deprecated setup.py egg_info --egg-base ../../build/ros2_auv_pid build --build-base /home/name/auvc-auv-movement/build/ros2_auv_pid/build install --record /home/name/auvc-auv-movement/build/ros2_auv_pid/install.log --install-scripts $base/lib/ros2_auv_pid --single-version-externally-managed install_data
[10.108s] Level 1:colcon.colcon_core.environment:checking '/home/name/auvc-auv-movement/install/ros2_auv_pid' for CMake module files
[10.111s] Level 1:colcon.colcon_core.environment:checking '/home/name/auvc-auv-movement/install/ros2_auv_pid' for CMake config files
[10.116s] Level 1:colcon.colcon_core.environment:checking '/home/name/auvc-auv-movement/install/ros2_auv_pid/lib'
[10.117s] Level 1:colcon.colcon_core.environment:checking '/home/name/auvc-auv-movement/install/ros2_auv_pid/bin'
[10.117s] Level 1:colcon.colcon_core.environment:checking '/home/name/auvc-auv-movement/install/ros2_auv_pid/lib/pkgconfig/ros2_auv_pid.pc'
[10.118s] Level 1:colcon.colcon_core.environment:checking '/home/name/auvc-auv-movement/install/ros2_auv_pid/lib/python3.12/site-packages'
[10.119s] Level 1:colcon.colcon_core.shell:create_environment_hook('ros2_auv_pid', 'pythonpath')
[10.120s] INFO:colcon.colcon_core.shell:Creating environment hook '/home/name/auvc-auv-movement/install/ros2_auv_pid/share/ros2_auv_pid/hook/pythonpath.ps1'
[10.122s] INFO:colcon.colcon_core.shell:Creating environment descriptor '/home/name/auvc-auv-movement/install/ros2_auv_pid/share/ros2_auv_pid/hook/pythonpath.dsv'
[10.124s] INFO:colcon.colcon_core.shell:Creating environment hook '/home/name/auvc-auv-movement/install/ros2_auv_pid/share/ros2_auv_pid/hook/pythonpath.sh'
[10.127s] Level 1:colcon.colcon_core.environment:checking '/home/name/auvc-auv-movement/install/ros2_auv_pid/bin'
[10.128s] Level 1:colcon.colcon_core.environment:create_environment_scripts_only(ros2_auv_pid)
[10.129s] INFO:colcon.colcon_core.shell:Creating package script '/home/name/auvc-auv-movement/install/ros2_auv_pid/share/ros2_auv_pid/package.ps1'
[10.133s] INFO:colcon.colcon_core.shell:Creating package descriptor '/home/name/auvc-auv-movement/install/ros2_auv_pid/share/ros2_auv_pid/package.dsv'
[10.135s] INFO:colcon.colcon_core.shell:Creating package script '/home/name/auvc-auv-movement/install/ros2_auv_pid/share/ros2_auv_pid/package.sh'
[10.139s] INFO:colcon.colcon_core.shell:Creating package script '/home/name/auvc-auv-movement/install/ros2_auv_pid/share/ros2_auv_pid/package.bash'
[10.141s] INFO:colcon.colcon_core.shell:Creating package script '/home/name/auvc-auv-movement/install/ros2_auv_pid/share/ros2_auv_pid/package.zsh'
[10.144s] Level 1:colcon.colcon_core.environment:create_file_with_runtime_dependencies(/home/name/auvc-auv-movement/install/ros2_auv_pid/share/colcon-core/packages/ros2_auv_pid)
[10.145s] DEBUG:colcon.colcon_parallel_executor.executor.parallel:closing loop
[10.147s] DEBUG:colcon.colcon_parallel_executor.executor.parallel:loop closed
[10.147s] DEBUG:colcon.colcon_parallel_executor.executor.parallel:run_until_complete finished with '0'
[10.148s] DEBUG:colcon.colcon_core.event_reactor:joining thread
[10.149s] DEBUG:colcon.colcon_core.event_reactor:joined thread
[10.150s] INFO:colcon.colcon_core.shell:Creating prefix script '/home/name/auvc-auv-movement/install/local_setup.ps1'
[10.153s] INFO:colcon.colcon_core.shell:Creating prefix util module '/home/name/auvc-auv-movement/install/_local_setup_util_ps1.py'
[10.158s] INFO:colcon.colcon_core.shell:Creating prefix chain script '/home/name/auvc-auv-movement/install/setup.ps1'
[10.167s] INFO:colcon.colcon_core.shell:Creating prefix script '/home/name/auvc-auv-movement/install/local_setup.sh'
[10.169s] INFO:colcon.colcon_core.shell:Creating prefix util module '/home/name/auvc-auv-movement/install/_local_setup_util_sh.py'
[10.172s] INFO:colcon.colcon_core.shell:Creating prefix chain script '/home/name/auvc-auv-movement/install/setup.sh'
[10.179s] INFO:colcon.colcon_core.shell:Creating prefix script '/home/name/auvc-auv-movement/install/local_setup.bash'
[10.181s] INFO:colcon.colcon_core.shell:Creating prefix chain script '/home/name/auvc-auv-movement/install/setup.bash'
[10.187s] INFO:colcon.colcon_core.shell:Creating prefix script '/home/name/auvc-auv-movement/install/local_setup.zsh'
[10.189s] INFO:colcon.colcon_core.shell:Creating prefix chain script '/home/name/auvc-auv-movement/install/setup.zsh'
