running egg_info
writing ../../build/ros2_auv_pid/ros2_auv_pid.egg-info/PKG-INFO
writing dependency_links to ../../build/ros2_auv_pid/ros2_auv_pid.egg-info/dependency_links.txt
writing entry points to ../../build/ros2_auv_pid/ros2_auv_pid.egg-info/entry_points.txt
writing requirements to ../../build/ros2_auv_pid/ros2_auv_pid.egg-info/requires.txt
writing top-level names to ../../build/ros2_auv_pid/ros2_auv_pid.egg-info/top_level.txt
reading manifest file '../../build/ros2_auv_pid/ros2_auv_pid.egg-info/SOURCES.txt'
writing manifest file '../../build/ros2_auv_pid/ros2_auv_pid.egg-info/SOURCES.txt'
running build
running build_py
running install
running install_lib
running install_data
running install_egg_info
removing '/home/name/auvc-auv-movement/install/ros2_auv_pid/lib/python3.12/site-packages/ros2_auv_pid-0.0.0-py3.12.egg-info' (and everything under it)
Copying ../../build/ros2_auv_pid/ros2_auv_pid.egg-info to /home/name/auvc-auv-movement/install/ros2_auv_pid/lib/python3.12/site-packages/ros2_auv_pid-0.0.0-py3.12.egg-info
running install_scripts
Installing arming_node script to /home/name/auvc-auv-movement/install/ros2_auv_pid/lib/ros2_auv_pid
Installing depth_movement_node script to /home/name/auvc-auv-movement/install/ros2_auv_pid/lib/ros2_auv_pid
writing list of installed files to '/home/name/auvc-auv-movement/build/ros2_auv_pid/install.log'
