[5.593s] Invoking command in '/home/name/auvc-auv-movement/src/ros2_auv_pid': PYTHONPATH=/home/name/auvc-auv-movement/build/ros2_auv_pid/prefix_override:/usr/lib/python3/dist-packages/colcon_core/task/python/colcon_distutils_commands:/home/name/auvc-auv-movement/install/ros2_auv_pid/lib/python3.12/site-packages:${PYTHONPATH} /usr/bin/python3 -W ignore:setup.py install is deprecated -W ignore:easy_install command is deprecated setup.py egg_info --egg-base ../../build/ros2_auv_pid build --build-base /home/name/auvc-auv-movement/build/ros2_auv_pid/build install --record /home/name/auvc-auv-movement/build/ros2_auv_pid/install.log --install-scripts $base/lib/ros2_auv_pid --single-version-externally-managed install_data
[7.137s] running egg_info
[7.266s] writing ../../build/ros2_auv_pid/ros2_auv_pid.egg-info/PKG-INFO
[7.268s] writing dependency_links to ../../build/ros2_auv_pid/ros2_auv_pid.egg-info/dependency_links.txt
[7.269s] writing entry points to ../../build/ros2_auv_pid/ros2_auv_pid.egg-info/entry_points.txt
[7.270s] writing requirements to ../../build/ros2_auv_pid/ros2_auv_pid.egg-info/requires.txt
[7.271s] writing top-level names to ../../build/ros2_auv_pid/ros2_auv_pid.egg-info/top_level.txt
[8.124s] reading manifest file '../../build/ros2_auv_pid/ros2_auv_pid.egg-info/SOURCES.txt'
[8.127s] writing manifest file '../../build/ros2_auv_pid/ros2_auv_pid.egg-info/SOURCES.txt'
[8.128s] running build
[8.129s] running build_py
[8.130s] copying ros2_auv_pid/depth_movement_node.py -> /home/name/auvc-auv-movement/build/ros2_auv_pid/build/lib/ros2_auv_pid
[8.131s] running install
[8.158s] running install_lib
[8.282s] copying /home/name/auvc-auv-movement/build/ros2_auv_pid/build/lib/ros2_auv_pid/depth_movement_node.py -> /home/name/auvc-auv-movement/install/ros2_auv_pid/lib/python3.12/site-packages/ros2_auv_pid
[8.285s] byte-compiling /home/name/auvc-auv-movement/install/ros2_auv_pid/lib/python3.12/site-packages/ros2_auv_pid/depth_movement_node.py to depth_movement_node.cpython-312.pyc
[8.289s] running install_data
[8.290s] running install_egg_info
[8.419s] removing '/home/name/auvc-auv-movement/install/ros2_auv_pid/lib/python3.12/site-packages/ros2_auv_pid-0.0.0-py3.12.egg-info' (and everything under it)
[8.421s] Copying ../../build/ros2_auv_pid/ros2_auv_pid.egg-info to /home/name/auvc-auv-movement/install/ros2_auv_pid/lib/python3.12/site-packages/ros2_auv_pid-0.0.0-py3.12.egg-info
[8.426s] running install_scripts
[8.771s] Installing arming_node script to /home/name/auvc-auv-movement/install/ros2_auv_pid/lib/ros2_auv_pid
[8.772s] Installing depth_movement_node script to /home/name/auvc-auv-movement/install/ros2_auv_pid/lib/ros2_auv_pid
[8.774s] writing list of installed files to '/home/name/auvc-auv-movement/build/ros2_auv_pid/install.log'
[8.924s] Invoked command in '/home/name/auvc-auv-movement/src/ros2_auv_pid' returned '0': PYTHONPATH=/home/name/auvc-auv-movement/build/ros2_auv_pid/prefix_override:/usr/lib/python3/dist-packages/colcon_core/task/python/colcon_distutils_commands:/home/name/auvc-auv-movement/install/ros2_auv_pid/lib/python3.12/site-packages:${PYTHONPATH} /usr/bin/python3 -W ignore:setup.py install is deprecated -W ignore:easy_install command is deprecated setup.py egg_info --egg-base ../../build/ros2_auv_pid build --build-base /home/name/auvc-auv-movement/build/ros2_auv_pid/build install --record /home/name/auvc-auv-movement/build/ros2_auv_pid/install.log --install-scripts $base/lib/ros2_auv_pid --single-version-externally-managed install_data
