running egg_info
creating ../../build/rosmav/rosmav.egg-info
writing ../../build/rosmav/rosmav.egg-info/PKG-INFO
writing dependency_links to ../../build/rosmav/rosmav.egg-info/dependency_links.txt
writing entry points to ../../build/rosmav/rosmav.egg-info/entry_points.txt
writing requirements to ../../build/rosmav/rosmav.egg-info/requires.txt
writing top-level names to ../../build/rosmav/rosmav.egg-info/top_level.txt
writing manifest file '../../build/rosmav/rosmav.egg-info/SOURCES.txt'
reading manifest file '../../build/rosmav/rosmav.egg-info/SOURCES.txt'
writing manifest file '../../build/rosmav/rosmav.egg-info/SOURCES.txt'
running build
running build_py
creating /home/name/auvc-auv-movement/build/rosmav/build
creating /home/name/auvc-auv-movement/build/rosmav/build/lib
creating /home/name/auvc-auv-movement/build/rosmav/build/lib/rosmav
copying rosmav/bluerov2_simulation_interface.py -> /home/name/auvc-auv-movement/build/rosmav/build/lib/rosmav
copying rosmav/bluerov2_hardware_interface.py -> /home/name/auvc-auv-movement/build/rosmav/build/lib/rosmav
copying rosmav/bluerov2_camera_interface.py -> /home/name/auvc-auv-movement/build/rosmav/build/lib/rosmav
copying rosmav/__init__.py -> /home/name/auvc-auv-movement/build/rosmav/build/lib/rosmav
running install
running install_lib
creating /home/name/auvc-auv-movement/install/rosmav/lib/python3.12/site-packages/rosmav
copying /home/name/auvc-auv-movement/build/rosmav/build/lib/rosmav/bluerov2_simulation_interface.py -> /home/name/auvc-auv-movement/install/rosmav/lib/python3.12/site-packages/rosmav
copying /home/name/auvc-auv-movement/build/rosmav/build/lib/rosmav/bluerov2_hardware_interface.py -> /home/name/auvc-auv-movement/install/rosmav/lib/python3.12/site-packages/rosmav
copying /home/name/auvc-auv-movement/build/rosmav/build/lib/rosmav/bluerov2_camera_interface.py -> /home/name/auvc-auv-movement/install/rosmav/lib/python3.12/site-packages/rosmav
copying /home/name/auvc-auv-movement/build/rosmav/build/lib/rosmav/__init__.py -> /home/name/auvc-auv-movement/install/rosmav/lib/python3.12/site-packages/rosmav
byte-compiling /home/name/auvc-auv-movement/install/rosmav/lib/python3.12/site-packages/rosmav/bluerov2_simulation_interface.py to bluerov2_simulation_interface.cpython-312.pyc
byte-compiling /home/name/auvc-auv-movement/install/rosmav/lib/python3.12/site-packages/rosmav/bluerov2_hardware_interface.py to bluerov2_hardware_interface.cpython-312.pyc
byte-compiling /home/name/auvc-auv-movement/install/rosmav/lib/python3.12/site-packages/rosmav/bluerov2_camera_interface.py to bluerov2_camera_interface.cpython-312.pyc
byte-compiling /home/name/auvc-auv-movement/install/rosmav/lib/python3.12/site-packages/rosmav/__init__.py to __init__.cpython-312.pyc
running install_data
creating /home/name/auvc-auv-movement/install/rosmav/share/ament_index
creating /home/name/auvc-auv-movement/install/rosmav/share/ament_index/resource_index
creating /home/name/auvc-auv-movement/install/rosmav/share/ament_index/resource_index/packages
copying resource/rosmav -> /home/name/auvc-auv-movement/install/rosmav/share/ament_index/resource_index/packages
copying package.xml -> /home/name/auvc-auv-movement/install/rosmav/share/rosmav
creating /home/name/auvc-auv-movement/install/rosmav/share/rosmav/launch
copying launch/simulation.launch.py -> /home/name/auvc-auv-movement/install/rosmav/share/rosmav/launch
copying launch/hardware_launch.yaml -> /home/name/auvc-auv-movement/install/rosmav/share/rosmav/launch
creating /home/name/auvc-auv-movement/install/rosmav/share/rosmav/config
copying config/bridge.yaml -> /home/name/auvc-auv-movement/install/rosmav/share/rosmav/config
running install_egg_info
Copying ../../build/rosmav/rosmav.egg-info to /home/name/auvc-auv-movement/install/rosmav/lib/python3.12/site-packages/rosmav-0.0.0-py3.12.egg-info
running install_scripts
Installing bluerov2_camera_interface script to /home/name/auvc-auv-movement/install/rosmav/lib/rosmav
Installing bluerov2_hardware_interface script to /home/name/auvc-auv-movement/install/rosmav/lib/rosmav
Installing bluerov2_simulation_interface script to /home/name/auvc-auv-movement/install/rosmav/lib/rosmav
writing list of installed files to '/home/name/auvc-auv-movement/build/rosmav/install.log'
