[0.541s] DEBUG:colcon:Command line arguments: ['/usr/bin/colcon', 'build', '--packages-select', 'rosmav']
[0.541s] DEBUG:colcon:Parsed command line arguments: Namespace(log_base=None, log_level=None, verb_name='build', build_base='build', install_base='install', merge_install=False, symlink_install=False, test_result_base=None, continue_on_error=False, executor='parallel', parallel_workers=4, event_handlers=None, ignore_user_meta=False, metas=['./colcon.meta'], base_paths=['.'], packages_ignore=None, packages_ignore_regex=None, paths=None, packages_up_to=None, packages_up_to_regex=None, packages_above=None, packages_above_and_dependencies=None, packages_above_depth=None, packages_select_by_dep=None, packages_skip_by_dep=None, packages_skip_up_to=None, packages_select_build_failed=False, packages_skip_build_finished=False, packages_select_test_failures=False, packages_skip_test_passed=False, packages_select=['rosmav'], packages_skip=None, packages_select_regex=None, packages_skip_regex=None, packages_start=None, packages_end=None, allow_overriding=[], cmake_args=None, cmake_target=None, cmake_target_skip_unavailable=False, cmake_clean_cache=False, cmake_clean_first=False, cmake_force_configure=False, ament_cmake_args=None, catkin_cmake_args=None, catkin_skip_building_tests=False, mixin_files=None, mixin=None, verb_parser=<colcon_mixin.mixin.mixin_argument.MixinArgumentDecorator object at 0xffffb271b860>, verb_extension=<colcon_core.verb.build.BuildVerb object at 0xffffb2933b30>, main=<bound method BuildVerb.main of <colcon_core.verb.build.BuildVerb object at 0xffffb2933b30>>, mixin_verb=('build',))
[0.714s] Level 1:colcon.colcon_core.package_discovery:discover_packages(colcon_meta) check parameters
[0.715s] Level 1:colcon.colcon_core.package_discovery:discover_packages(recursive) check parameters
[0.715s] Level 1:colcon.colcon_core.package_discovery:discover_packages(ignore) check parameters
[0.715s] Level 1:colcon.colcon_core.package_discovery:discover_packages(path) check parameters
[0.715s] Level 1:colcon.colcon_core.package_discovery:discover_packages(colcon_meta) discover
[0.715s] Level 1:colcon.colcon_core.package_discovery:discover_packages(recursive) discover
[0.715s] INFO:colcon.colcon_core.package_discovery:Crawling recursively for packages in '/home/name/auvc-auv-movement'
[0.716s] Level 1:colcon.colcon_core.package_identification:_identify(.) by extensions ['ignore', 'ignore_ament_install']
[0.716s] Level 1:colcon.colcon_core.package_identification:_identify(.) by extension 'ignore'
[0.716s] Level 1:colcon.colcon_core.package_identification:_identify(.) by extension 'ignore_ament_install'
[0.717s] Level 1:colcon.colcon_core.package_identification:_identify(.) by extensions ['colcon_pkg']
[0.717s] Level 1:colcon.colcon_core.package_identification:_identify(.) by extension 'colcon_pkg'
[0.717s] Level 1:colcon.colcon_core.package_identification:_identify(.) by extensions ['colcon_meta']
[0.717s] Level 1:colcon.colcon_core.package_identification:_identify(.) by extension 'colcon_meta'
[0.717s] Level 1:colcon.colcon_core.package_identification:_identify(.) by extensions ['ros']
[0.717s] Level 1:colcon.colcon_core.package_identification:_identify(.) by extension 'ros'
[0.825s] Level 1:colcon.colcon_core.package_identification:_identify(.) by extensions ['cmake', 'python']
[0.825s] Level 1:colcon.colcon_core.package_identification:_identify(.) by extension 'cmake'
[0.825s] Level 1:colcon.colcon_core.package_identification:_identify(.) by extension 'python'
[0.825s] Level 1:colcon.colcon_core.package_identification:_identify(.) by extensions ['python_setup_py']
[0.826s] Level 1:colcon.colcon_core.package_identification:_identify(.) by extension 'python_setup_py'
[0.826s] Level 1:colcon.colcon_core.package_identification:_identify(build) by extensions ['ignore', 'ignore_ament_install']
[0.826s] Level 1:colcon.colcon_core.package_identification:_identify(build) by extension 'ignore'
[0.827s] Level 1:colcon.colcon_core.package_identification:_identify(build) ignored
[0.827s] Level 1:colcon.colcon_core.package_identification:_identify(install) by extensions ['ignore', 'ignore_ament_install']
[0.828s] Level 1:colcon.colcon_core.package_identification:_identify(install) by extension 'ignore'
[0.828s] Level 1:colcon.colcon_core.package_identification:_identify(install) ignored
[0.828s] Level 1:colcon.colcon_core.package_identification:_identify(log) by extensions ['ignore', 'ignore_ament_install']
[0.829s] Level 1:colcon.colcon_core.package_identification:_identify(log) by extension 'ignore'
[0.829s] Level 1:colcon.colcon_core.package_identification:_identify(log) ignored
[0.829s] Level 1:colcon.colcon_core.package_identification:_identify(src) by extensions ['ignore', 'ignore_ament_install']
[0.830s] Level 1:colcon.colcon_core.package_identification:_identify(src) by extension 'ignore'
[0.830s] Level 1:colcon.colcon_core.package_identification:_identify(src) by extension 'ignore_ament_install'
[0.830s] Level 1:colcon.colcon_core.package_identification:_identify(src) by extensions ['colcon_pkg']
[0.830s] Level 1:colcon.colcon_core.package_identification:_identify(src) by extension 'colcon_pkg'
[0.830s] Level 1:colcon.colcon_core.package_identification:_identify(src) by extensions ['colcon_meta']
[0.831s] Level 1:colcon.colcon_core.package_identification:_identify(src) by extension 'colcon_meta'
[0.831s] Level 1:colcon.colcon_core.package_identification:_identify(src) by extensions ['ros']
[0.831s] Level 1:colcon.colcon_core.package_identification:_identify(src) by extension 'ros'
[0.831s] Level 1:colcon.colcon_core.package_identification:_identify(src) by extensions ['cmake', 'python']
[0.832s] Level 1:colcon.colcon_core.package_identification:_identify(src) by extension 'cmake'
[0.832s] Level 1:colcon.colcon_core.package_identification:_identify(src) by extension 'python'
[0.832s] Level 1:colcon.colcon_core.package_identification:_identify(src) by extensions ['python_setup_py']
[0.832s] Level 1:colcon.colcon_core.package_identification:_identify(src) by extension 'python_setup_py'
[0.833s] Level 1:colcon.colcon_core.package_identification:_identify(src/bwsibot) by extensions ['ignore', 'ignore_ament_install']
[0.833s] Level 1:colcon.colcon_core.package_identification:_identify(src/bwsibot) by extension 'ignore'
[0.833s] Level 1:colcon.colcon_core.package_identification:_identify(src/bwsibot) by extension 'ignore_ament_install'
[0.833s] Level 1:colcon.colcon_core.package_identification:_identify(src/bwsibot) by extensions ['colcon_pkg']
[0.834s] Level 1:colcon.colcon_core.package_identification:_identify(src/bwsibot) by extension 'colcon_pkg'
[0.834s] Level 1:colcon.colcon_core.package_identification:_identify(src/bwsibot) by extensions ['colcon_meta']
[0.834s] Level 1:colcon.colcon_core.package_identification:_identify(src/bwsibot) by extension 'colcon_meta'
[0.834s] Level 1:colcon.colcon_core.package_identification:_identify(src/bwsibot) by extensions ['ros']
[0.834s] Level 1:colcon.colcon_core.package_identification:_identify(src/bwsibot) by extension 'ros'
[0.834s] Level 1:colcon.colcon_core.package_identification:_identify(src/bwsibot) by extensions ['cmake', 'python']
[0.835s] Level 1:colcon.colcon_core.package_identification:_identify(src/bwsibot) by extension 'cmake'
[0.835s] Level 1:colcon.colcon_core.package_identification:_identify(src/bwsibot) by extension 'python'
[0.835s] Level 1:colcon.colcon_core.package_identification:_identify(src/bwsibot) by extensions ['python_setup_py']
[0.835s] Level 1:colcon.colcon_core.package_identification:_identify(src/bwsibot) by extension 'python_setup_py'
[0.836s] Level 1:colcon.colcon_core.package_identification:_identify(src/bwsibot/logs) by extensions ['ignore', 'ignore_ament_install']
[0.836s] Level 1:colcon.colcon_core.package_identification:_identify(src/bwsibot/logs) by extension 'ignore'
[0.836s] Level 1:colcon.colcon_core.package_identification:_identify(src/bwsibot/logs) by extension 'ignore_ament_install'
[0.837s] Level 1:colcon.colcon_core.package_identification:_identify(src/bwsibot/logs) by extensions ['colcon_pkg']
[0.837s] Level 1:colcon.colcon_core.package_identification:_identify(src/bwsibot/logs) by extension 'colcon_pkg'
[0.837s] Level 1:colcon.colcon_core.package_identification:_identify(src/bwsibot/logs) by extensions ['colcon_meta']
[0.837s] Level 1:colcon.colcon_core.package_identification:_identify(src/bwsibot/logs) by extension 'colcon_meta'
[0.837s] Level 1:colcon.colcon_core.package_identification:_identify(src/bwsibot/logs) by extensions ['ros']
[0.837s] Level 1:colcon.colcon_core.package_identification:_identify(src/bwsibot/logs) by extension 'ros'
[0.838s] Level 1:colcon.colcon_core.package_identification:_identify(src/bwsibot/logs) by extensions ['cmake', 'python']
[0.838s] Level 1:colcon.colcon_core.package_identification:_identify(src/bwsibot/logs) by extension 'cmake'
[0.838s] Level 1:colcon.colcon_core.package_identification:_identify(src/bwsibot/logs) by extension 'python'
[0.838s] Level 1:colcon.colcon_core.package_identification:_identify(src/bwsibot/logs) by extensions ['python_setup_py']
[0.838s] Level 1:colcon.colcon_core.package_identification:_identify(src/bwsibot/logs) by extension 'python_setup_py'
[0.839s] Level 1:colcon.colcon_core.package_identification:_identify(src/bwsibot/logs/2026-07-16) by extensions ['ignore', 'ignore_ament_install']
[0.839s] Level 1:colcon.colcon_core.package_identification:_identify(src/bwsibot/logs/2026-07-16) by extension 'ignore'
[0.839s] Level 1:colcon.colcon_core.package_identification:_identify(src/bwsibot/logs/2026-07-16) by extension 'ignore_ament_install'
[0.840s] Level 1:colcon.colcon_core.package_identification:_identify(src/bwsibot/logs/2026-07-16) by extensions ['colcon_pkg']
[0.840s] Level 1:colcon.colcon_core.package_identification:_identify(src/bwsibot/logs/2026-07-16) by extension 'colcon_pkg'
[0.840s] Level 1:colcon.colcon_core.package_identification:_identify(src/bwsibot/logs/2026-07-16) by extensions ['colcon_meta']
[0.840s] Level 1:colcon.colcon_core.package_identification:_identify(src/bwsibot/logs/2026-07-16) by extension 'colcon_meta'
[0.840s] Level 1:colcon.colcon_core.package_identification:_identify(src/bwsibot/logs/2026-07-16) by extensions ['ros']
[0.840s] Level 1:colcon.colcon_core.package_identification:_identify(src/bwsibot/logs/2026-07-16) by extension 'ros'
[0.841s] Level 1:colcon.colcon_core.package_identification:_identify(src/bwsibot/logs/2026-07-16) by extensions ['cmake', 'python']
[0.841s] Level 1:colcon.colcon_core.package_identification:_identify(src/bwsibot/logs/2026-07-16) by extension 'cmake'
[0.841s] Level 1:colcon.colcon_core.package_identification:_identify(src/bwsibot/logs/2026-07-16) by extension 'python'
[0.841s] Level 1:colcon.colcon_core.package_identification:_identify(src/bwsibot/logs/2026-07-16) by extensions ['python_setup_py']
[0.841s] Level 1:colcon.colcon_core.package_identification:_identify(src/bwsibot/logs/2026-07-16) by extension 'python_setup_py'
[0.842s] Level 1:colcon.colcon_core.package_identification:_identify(src/bwsibot/logs/2026-07-16/flight1) by extensions ['ignore', 'ignore_ament_install']
[0.842s] Level 1:colcon.colcon_core.package_identification:_identify(src/bwsibot/logs/2026-07-16/flight1) by extension 'ignore'
[0.843s] Level 1:colcon.colcon_core.package_identification:_identify(src/bwsibot/logs/2026-07-16/flight1) by extension 'ignore_ament_install'
[0.843s] Level 1:colcon.colcon_core.package_identification:_identify(src/bwsibot/logs/2026-07-16/flight1) by extensions ['colcon_pkg']
[0.843s] Level 1:colcon.colcon_core.package_identification:_identify(src/bwsibot/logs/2026-07-16/flight1) by extension 'colcon_pkg'
[0.843s] Level 1:colcon.colcon_core.package_identification:_identify(src/bwsibot/logs/2026-07-16/flight1) by extensions ['colcon_meta']
[0.844s] Level 1:colcon.colcon_core.package_identification:_identify(src/bwsibot/logs/2026-07-16/flight1) by extension 'colcon_meta'
[0.844s] Level 1:colcon.colcon_core.package_identification:_identify(src/bwsibot/logs/2026-07-16/flight1) by extensions ['ros']
[0.844s] Level 1:colcon.colcon_core.package_identification:_identify(src/bwsibot/logs/2026-07-16/flight1) by extension 'ros'
[0.845s] Level 1:colcon.colcon_core.package_identification:_identify(src/bwsibot/logs/2026-07-16/flight1) by extensions ['cmake', 'python']
[0.845s] Level 1:colcon.colcon_core.package_identification:_identify(src/bwsibot/logs/2026-07-16/flight1) by extension 'cmake'
[0.845s] Level 1:colcon.colcon_core.package_identification:_identify(src/bwsibot/logs/2026-07-16/flight1) by extension 'python'
[0.846s] Level 1:colcon.colcon_core.package_identification:_identify(src/bwsibot/logs/2026-07-16/flight1) by extensions ['python_setup_py']
[0.846s] Level 1:colcon.colcon_core.package_identification:_identify(src/bwsibot/logs/2026-07-16/flight1) by extension 'python_setup_py'
[0.846s] Level 1:colcon.colcon_core.package_identification:_identify(src/ros2_auv_pid) by extensions ['ignore', 'ignore_ament_install']
[0.847s] Level 1:colcon.colcon_core.package_identification:_identify(src/ros2_auv_pid) by extension 'ignore'
[0.847s] Level 1:colcon.colcon_core.package_identification:_identify(src/ros2_auv_pid) by extension 'ignore_ament_install'
[0.847s] Level 1:colcon.colcon_core.package_identification:_identify(src/ros2_auv_pid) by extensions ['colcon_pkg']
[0.847s] Level 1:colcon.colcon_core.package_identification:_identify(src/ros2_auv_pid) by extension 'colcon_pkg'
[0.848s] Level 1:colcon.colcon_core.package_identification:_identify(src/ros2_auv_pid) by extensions ['colcon_meta']
[0.848s] Level 1:colcon.colcon_core.package_identification:_identify(src/ros2_auv_pid) by extension 'colcon_meta'
[0.848s] Level 1:colcon.colcon_core.package_identification:_identify(src/ros2_auv_pid) by extensions ['ros']
[0.848s] Level 1:colcon.colcon_core.package_identification:_identify(src/ros2_auv_pid) by extension 'ros'
[0.860s] DEBUG:colcon.colcon_core.package_identification:Package 'src/ros2_auv_pid' with type 'ros.ament_python' and name 'ros2_auv_pid'
[0.860s] Level 1:colcon.colcon_core.package_identification:_identify(src/rosmav) by extensions ['ignore', 'ignore_ament_install']
[0.861s] Level 1:colcon.colcon_core.package_identification:_identify(src/rosmav) by extension 'ignore'
[0.861s] Level 1:colcon.colcon_core.package_identification:_identify(src/rosmav) by extension 'ignore_ament_install'
[0.861s] Level 1:colcon.colcon_core.package_identification:_identify(src/rosmav) by extensions ['colcon_pkg']
[0.861s] Level 1:colcon.colcon_core.package_identification:_identify(src/rosmav) by extension 'colcon_pkg'
[0.862s] Level 1:colcon.colcon_core.package_identification:_identify(src/rosmav) by extensions ['colcon_meta']
[0.862s] Level 1:colcon.colcon_core.package_identification:_identify(src/rosmav) by extension 'colcon_meta'
[0.862s] Level 1:colcon.colcon_core.package_identification:_identify(src/rosmav) by extensions ['ros']
[0.862s] Level 1:colcon.colcon_core.package_identification:_identify(src/rosmav) by extension 'ros'
[0.867s] DEBUG:colcon.colcon_core.package_identification:Package 'src/rosmav' with type 'ros.ament_python' and name 'rosmav'
[0.867s] Level 1:colcon.colcon_core.package_discovery:discover_packages(recursive) using defaults
[0.868s] Level 1:colcon.colcon_core.package_discovery:discover_packages(ignore) discover
[0.868s] Level 1:colcon.colcon_core.package_discovery:discover_packages(ignore) using defaults
[0.868s] Level 1:colcon.colcon_core.package_discovery:discover_packages(path) discover
[0.868s] Level 1:colcon.colcon_core.package_discovery:discover_packages(path) using defaults
[0.940s] INFO:colcon.colcon_core.package_selection:Skipping not selected package 'ros2_auv_pid' in 'src/ros2_auv_pid'
[0.942s] Level 1:colcon.colcon_core.package_discovery:discover_packages(prefix_path) check parameters
[0.942s] Level 1:colcon.colcon_core.package_discovery:discover_packages(prefix_path) discover
[0.952s] DEBUG:colcon.colcon_installed_package_information.package_discovery:Found 1 installed packages in /home/name/auvc-auv-movement/install
[0.954s] DEBUG:colcon.colcon_installed_package_information.package_discovery:Found 5 installed packages in /home/name/auvc_ws/install
[0.957s] DEBUG:colcon.colcon_installed_package_information.package_discovery:Found 1 installed packages in /home/name/install
[0.967s] DEBUG:colcon.colcon_installed_package_information.package_discovery:Found 261 installed packages in /opt/ros/jazzy
[0.974s] Level 1:colcon.colcon_core.package_discovery:discover_packages(prefix_path) using defaults
[1.146s] Level 5:colcon.colcon_core.verb:set package 'rosmav' build argument 'cmake_args' from command line to 'None'
[1.146s] Level 5:colcon.colcon_core.verb:set package 'rosmav' build argument 'cmake_target' from command line to 'None'
[1.146s] Level 5:colcon.colcon_core.verb:set package 'rosmav' build argument 'cmake_target_skip_unavailable' from command line to 'False'
[1.147s] Level 5:colcon.colcon_core.verb:set package 'rosmav' build argument 'cmake_clean_cache' from command line to 'False'
[1.147s] Level 5:colcon.colcon_core.verb:set package 'rosmav' build argument 'cmake_clean_first' from command line to 'False'
[1.147s] Level 5:colcon.colcon_core.verb:set package 'rosmav' build argument 'cmake_force_configure' from command line to 'False'
[1.147s] Level 5:colcon.colcon_core.verb:set package 'rosmav' build argument 'ament_cmake_args' from command line to 'None'
[1.147s] Level 5:colcon.colcon_core.verb:set package 'rosmav' build argument 'catkin_cmake_args' from command line to 'None'
[1.147s] Level 5:colcon.colcon_core.verb:set package 'rosmav' build argument 'catkin_skip_building_tests' from command line to 'False'
[1.147s] DEBUG:colcon.colcon_core.verb:Building package 'rosmav' with the following arguments: {'ament_cmake_args': None, 'build_base': '/home/name/auvc-auv-movement/build/rosmav', 'catkin_cmake_args': None, 'catkin_skip_building_tests': False, 'cmake_args': None, 'cmake_clean_cache': False, 'cmake_clean_first': False, 'cmake_force_configure': False, 'cmake_target': None, 'cmake_target_skip_unavailable': False, 'install_base': '/home/name/auvc-auv-movement/install/rosmav', 'merge_install': False, 'path': '/home/name/auvc-auv-movement/src/rosmav', 'symlink_install': False, 'test_result_base': None}
[1.148s] INFO:colcon.colcon_core.executor:Executing jobs using 'parallel' executor
[1.151s] DEBUG:colcon.colcon_parallel_executor.executor.parallel:run_until_complete
[1.152s] INFO:colcon.colcon_ros.task.ament_python.build:Building ROS package in '/home/name/auvc-auv-movement/src/rosmav' with build type 'ament_python'
[1.152s] Level 1:colcon.colcon_core.shell:create_environment_hook('rosmav', 'ament_prefix_path')
[1.162s] INFO:colcon.colcon_core.plugin_system:Skipping extension 'colcon_core.shell.bat': Not used on non-Windows systems
[1.163s] INFO:colcon.colcon_core.shell:Creating environment hook '/home/name/auvc-auv-movement/install/rosmav/share/rosmav/hook/ament_prefix_path.ps1'
[1.165s] INFO:colcon.colcon_core.shell:Creating environment descriptor '/home/name/auvc-auv-movement/install/rosmav/share/rosmav/hook/ament_prefix_path.dsv'
[1.167s] INFO:colcon.colcon_core.shell:Creating environment hook '/home/name/auvc-auv-movement/install/rosmav/share/rosmav/hook/ament_prefix_path.sh'
[1.170s] INFO:colcon.colcon_core.shell:Skip shell extension 'powershell' for command environment: Not usable outside of PowerShell
[1.171s] DEBUG:colcon.colcon_core.shell:Skip shell extension 'dsv' for command environment
[2.601s] INFO:colcon.colcon_core.task.python.build:Building Python package in '/home/name/auvc-auv-movement/src/rosmav'
[2.602s] INFO:colcon.colcon_core.shell:Skip shell extension 'powershell' for command environment: Not usable outside of PowerShell
[2.602s] DEBUG:colcon.colcon_core.shell:Skip shell extension 'dsv' for command environment
[6.383s] DEBUG:colcon.colcon_core.task.python.build:Available setuptools commands: editable_wheel, clean, register, build_ext, check, easy_install, rotate, update_catalog, bdist_wheel, build_clib, bdist_dumb, install_data, build_py, upload, setopt, build, install_scripts, install_headers, develop, install_lib, init_catalog, install, compile_catalog, bdist_rpm, symlink_data, bdist, sdist, bdist_egg, test, upload_docs, install_egg_info, extract_messages, egg_info, saveopts, dist_info, build_scripts, alias
[6.391s] DEBUG:colcon.colcon_core.event_handler.log_command:Invoking command in '/home/name/auvc-auv-movement/src/rosmav': PYTHONPATH=/home/name/auvc-auv-movement/build/rosmav/prefix_override:/usr/lib/python3/dist-packages/colcon_core/task/python/colcon_distutils_commands:/home/name/auvc-auv-movement/install/rosmav/lib/python3.12/site-packages:${PYTHONPATH} /usr/bin/python3 -W ignore:setup.py install is deprecated -W ignore:easy_install command is deprecated setup.py egg_info --egg-base ../../build/rosmav build --build-base /home/name/auvc-auv-movement/build/rosmav/build install --record /home/name/auvc-auv-movement/build/rosmav/install.log --install-scripts $base/lib/rosmav --single-version-externally-managed install_data
[9.658s] DEBUG:colcon.colcon_core.event_handler.log_command:Invoked command in '/home/name/auvc-auv-movement/src/rosmav' returned '0': PYTHONPATH=/home/name/auvc-auv-movement/build/rosmav/prefix_override:/usr/lib/python3/dist-packages/colcon_core/task/python/colcon_distutils_commands:/home/name/auvc-auv-movement/install/rosmav/lib/python3.12/site-packages:${PYTHONPATH} /usr/bin/python3 -W ignore:setup.py install is deprecated -W ignore:easy_install command is deprecated setup.py egg_info --egg-base ../../build/rosmav build --build-base /home/name/auvc-auv-movement/build/rosmav/build install --record /home/name/auvc-auv-movement/build/rosmav/install.log --install-scripts $base/lib/rosmav --single-version-externally-managed install_data
[9.668s] Level 1:colcon.colcon_core.environment:checking '/home/name/auvc-auv-movement/install/rosmav' for CMake module files
[9.671s] Level 1:colcon.colcon_core.environment:checking '/home/name/auvc-auv-movement/install/rosmav' for CMake config files
[9.675s] Level 1:colcon.colcon_core.environment:checking '/home/name/auvc-auv-movement/install/rosmav/lib'
[9.676s] Level 1:colcon.colcon_core.environment:checking '/home/name/auvc-auv-movement/install/rosmav/bin'
[9.676s] Level 1:colcon.colcon_core.environment:checking '/home/name/auvc-auv-movement/install/rosmav/lib/pkgconfig/rosmav.pc'
[9.677s] Level 1:colcon.colcon_core.environment:checking '/home/name/auvc-auv-movement/install/rosmav/lib/python3.12/site-packages'
[9.678s] Level 1:colcon.colcon_core.shell:create_environment_hook('rosmav', 'pythonpath')
[9.678s] INFO:colcon.colcon_core.shell:Creating environment hook '/home/name/auvc-auv-movement/install/rosmav/share/rosmav/hook/pythonpath.ps1'
[9.680s] INFO:colcon.colcon_core.shell:Creating environment descriptor '/home/name/auvc-auv-movement/install/rosmav/share/rosmav/hook/pythonpath.dsv'
[9.682s] INFO:colcon.colcon_core.shell:Creating environment hook '/home/name/auvc-auv-movement/install/rosmav/share/rosmav/hook/pythonpath.sh'
[9.686s] Level 1:colcon.colcon_core.environment:checking '/home/name/auvc-auv-movement/install/rosmav/bin'
[9.686s] Level 1:colcon.colcon_core.environment:create_environment_scripts_only(rosmav)
[9.687s] INFO:colcon.colcon_core.shell:Creating package script '/home/name/auvc-auv-movement/install/rosmav/share/rosmav/package.ps1'
[9.692s] INFO:colcon.colcon_core.shell:Creating package descriptor '/home/name/auvc-auv-movement/install/rosmav/share/rosmav/package.dsv'
[9.697s] INFO:colcon.colcon_core.shell:Creating package script '/home/name/auvc-auv-movement/install/rosmav/share/rosmav/package.sh'
[9.702s] INFO:colcon.colcon_core.shell:Creating package script '/home/name/auvc-auv-movement/install/rosmav/share/rosmav/package.bash'
[9.706s] INFO:colcon.colcon_core.shell:Creating package script '/home/name/auvc-auv-movement/install/rosmav/share/rosmav/package.zsh'
[9.710s] Level 1:colcon.colcon_core.environment:create_file_with_runtime_dependencies(/home/name/auvc-auv-movement/install/rosmav/share/colcon-core/packages/rosmav)
[9.712s] DEBUG:colcon.colcon_parallel_executor.executor.parallel:closing loop
[9.714s] DEBUG:colcon.colcon_parallel_executor.executor.parallel:loop closed
[9.715s] DEBUG:colcon.colcon_parallel_executor.executor.parallel:run_until_complete finished with '0'
[9.715s] DEBUG:colcon.colcon_core.event_reactor:joining thread
[9.719s] DEBUG:colcon.colcon_core.event_reactor:joined thread
[9.720s] INFO:colcon.colcon_core.shell:Creating prefix script '/home/name/auvc-auv-movement/install/local_setup.ps1'
[9.725s] INFO:colcon.colcon_core.shell:Creating prefix util module '/home/name/auvc-auv-movement/install/_local_setup_util_ps1.py'
[9.733s] INFO:colcon.colcon_core.shell:Creating prefix chain script '/home/name/auvc-auv-movement/install/setup.ps1'
[9.744s] INFO:colcon.colcon_core.shell:Creating prefix script '/home/name/auvc-auv-movement/install/local_setup.sh'
[9.749s] INFO:colcon.colcon_core.shell:Creating prefix util module '/home/name/auvc-auv-movement/install/_local_setup_util_sh.py'
[9.753s] INFO:colcon.colcon_core.shell:Creating prefix chain script '/home/name/auvc-auv-movement/install/setup.sh'
[9.760s] INFO:colcon.colcon_core.shell:Creating prefix script '/home/name/auvc-auv-movement/install/local_setup.bash'
[9.769s] INFO:colcon.colcon_core.shell:Creating prefix chain script '/home/name/auvc-auv-movement/install/setup.bash'
[9.776s] INFO:colcon.colcon_core.shell:Creating prefix script '/home/name/auvc-auv-movement/install/local_setup.zsh'
[9.779s] INFO:colcon.colcon_core.shell:Creating prefix chain script '/home/name/auvc-auv-movement/install/setup.zsh'
